Archive member included to satisfy reference by file (symbol)

D:/ST/STM32CubeIDE_1.13.2/STM32CubeIDE/plugins/com.st.stm32cube.ide.mcu.externaltools.gnu-tools-for-stm32.11.3.rel1.win32_1.1.1.202309131626/tools/bin/../lib/gcc/arm-none-eabi/11.3.1/../../../../arm-none-eabi/lib/thumb/v7e-m+fp/hard\libc_nano.a(libc_a-exit.o)
                              D:/ST/STM32CubeIDE_1.13.2/STM32CubeIDE/plugins/com.st.stm32cube.ide.mcu.externaltools.gnu-tools-for-stm32.11.3.rel1.win32_1.1.1.202309131626/tools/bin/../lib/gcc/arm-none-eabi/11.3.1/../../../../arm-none-eabi/lib/thumb/v7e-m+fp/hard/crt0.o (exit)
D:/ST/STM32CubeIDE_1.13.2/STM32CubeIDE/plugins/com.st.stm32cube.ide.mcu.externaltools.gnu-tools-for-stm32.11.3.rel1.win32_1.1.1.202309131626/tools/bin/../lib/gcc/arm-none-eabi/11.3.1/../../../../arm-none-eabi/lib/thumb/v7e-m+fp/hard\libc_nano.a(libc_a-findfp.o)
                              D:/ST/STM32CubeIDE_1.13.2/STM32CubeIDE/plugins/com.st.stm32cube.ide.mcu.externaltools.gnu-tools-for-stm32.11.3.rel1.win32_1.1.1.202309131626/tools/bin/../lib/gcc/arm-none-eabi/11.3.1/../../../../arm-none-eabi/lib/thumb/v7e-m+fp/hard\libc_nano.a(libc_a-exit.o) (__stdio_exit_handler)
D:/ST/STM32CubeIDE_1.13.2/STM32CubeIDE/plugins/com.st.stm32cube.ide.mcu.externaltools.gnu-tools-for-stm32.11.3.rel1.win32_1.1.1.202309131626/tools/bin/../lib/gcc/arm-none-eabi/11.3.1/../../../../arm-none-eabi/lib/thumb/v7e-m+fp/hard\libc_nano.a(libc_a-fwalk.o)
                              D:/ST/STM32CubeIDE_1.13.2/STM32CubeIDE/plugins/com.st.stm32cube.ide.mcu.externaltools.gnu-tools-for-stm32.11.3.rel1.win32_1.1.1.202309131626/tools/bin/../lib/gcc/arm-none-eabi/11.3.1/../../../../arm-none-eabi/lib/thumb/v7e-m+fp/hard\libc_nano.a(libc_a-findfp.o) (_fwalk_sglue)
D:/ST/STM32CubeIDE_1.13.2/STM32CubeIDE/plugins/com.st.stm32cube.ide.mcu.externaltools.gnu-tools-for-stm32.11.3.rel1.win32_1.1.1.202309131626/tools/bin/../lib/gcc/arm-none-eabi/11.3.1/../../../../arm-none-eabi/lib/thumb/v7e-m+fp/hard\libc_nano.a(libc_a-stdio.o)
                              D:/ST/STM32CubeIDE_1.13.2/STM32CubeIDE/plugins/com.st.stm32cube.ide.mcu.externaltools.gnu-tools-for-stm32.11.3.rel1.win32_1.1.1.202309131626/tools/bin/../lib/gcc/arm-none-eabi/11.3.1/../../../../arm-none-eabi/lib/thumb/v7e-m+fp/hard\libc_nano.a(libc_a-findfp.o) (__sread)
D:/ST/STM32CubeIDE_1.13.2/STM32CubeIDE/plugins/com.st.stm32cube.ide.mcu.externaltools.gnu-tools-for-stm32.11.3.rel1.win32_1.1.1.202309131626/tools/bin/../lib/gcc/arm-none-eabi/11.3.1/../../../../arm-none-eabi/lib/thumb/v7e-m+fp/hard\libc_nano.a(libc_a-vsprintf.o)
                              ./Console/Console.o (vsprintf)
D:/ST/STM32CubeIDE_1.13.2/STM32CubeIDE/plugins/com.st.stm32cube.ide.mcu.externaltools.gnu-tools-for-stm32.11.3.rel1.win32_1.1.1.202309131626/tools/bin/../lib/gcc/arm-none-eabi/11.3.1/../../../../arm-none-eabi/lib/thumb/v7e-m+fp/hard\libc_nano.a(libc_a-memset.o)
                              D:/ST/STM32CubeIDE_1.13.2/STM32CubeIDE/plugins/com.st.stm32cube.ide.mcu.externaltools.gnu-tools-for-stm32.11.3.rel1.win32_1.1.1.202309131626/tools/bin/../lib/gcc/arm-none-eabi/11.3.1/../../../../arm-none-eabi/lib/thumb/v7e-m+fp/hard/crt0.o (memset)
D:/ST/STM32CubeIDE_1.13.2/STM32CubeIDE/plugins/com.st.stm32cube.ide.mcu.externaltools.gnu-tools-for-stm32.11.3.rel1.win32_1.1.1.202309131626/tools/bin/../lib/gcc/arm-none-eabi/11.3.1/../../../../arm-none-eabi/lib/thumb/v7e-m+fp/hard\libc_nano.a(libc_a-closer.o)
                              D:/ST/STM32CubeIDE_1.13.2/STM32CubeIDE/plugins/com.st.stm32cube.ide.mcu.externaltools.gnu-tools-for-stm32.11.3.rel1.win32_1.1.1.202309131626/tools/bin/../lib/gcc/arm-none-eabi/11.3.1/../../../../arm-none-eabi/lib/thumb/v7e-m+fp/hard\libc_nano.a(libc_a-stdio.o) (_close_r)
D:/ST/STM32CubeIDE_1.13.2/STM32CubeIDE/plugins/com.st.stm32cube.ide.mcu.externaltools.gnu-tools-for-stm32.11.3.rel1.win32_1.1.1.202309131626/tools/bin/../lib/gcc/arm-none-eabi/11.3.1/../../../../arm-none-eabi/lib/thumb/v7e-m+fp/hard\libc_nano.a(libc_a-reent.o)
                              D:/ST/STM32CubeIDE_1.13.2/STM32CubeIDE/plugins/com.st.stm32cube.ide.mcu.externaltools.gnu-tools-for-stm32.11.3.rel1.win32_1.1.1.202309131626/tools/bin/../lib/gcc/arm-none-eabi/11.3.1/../../../../arm-none-eabi/lib/thumb/v7e-m+fp/hard\libc_nano.a(libc_a-closer.o) (errno)
D:/ST/STM32CubeIDE_1.13.2/STM32CubeIDE/plugins/com.st.stm32cube.ide.mcu.externaltools.gnu-tools-for-stm32.11.3.rel1.win32_1.1.1.202309131626/tools/bin/../lib/gcc/arm-none-eabi/11.3.1/../../../../arm-none-eabi/lib/thumb/v7e-m+fp/hard\libc_nano.a(libc_a-impure.o)
                              D:/ST/STM32CubeIDE_1.13.2/STM32CubeIDE/plugins/com.st.stm32cube.ide.mcu.externaltools.gnu-tools-for-stm32.11.3.rel1.win32_1.1.1.202309131626/tools/bin/../lib/gcc/arm-none-eabi/11.3.1/../../../../arm-none-eabi/lib/thumb/v7e-m+fp/hard\libc_nano.a(libc_a-vsprintf.o) (_impure_ptr)
[...]
Memory Configuration

Name             Origin             Length             Attributes
CCMRAM           0x0000000010000000 0x0000000000010000 xrw
RAM              0x0000000020000000 0x0000000000020000 xrw
FLASH            0x0000000008000000 0x0000000000080000 xr
*default*        0x0000000000000000 0xffffffffffffffff

Linker script and memory map

LOAD D:/ST/STM32CubeIDE_1.13.2/STM32CubeIDE/plugins/com.st.stm32cube.ide.mcu.externaltools.gnu-tools-for-stm32.11.3.rel1.win32_1.1.1.202309131626/tools/bin/../lib/gcc/arm-none-eabi/11.3.1/thumb/v7e-m+fp/hard/crti.o
LOAD D:/ST/STM32CubeIDE_1.13.2/STM32CubeIDE/plugins/com.st.stm32cube.ide.mcu.externaltools.gnu-tools-for-stm32.11.3.rel1.win32_1.1.1.202309131626/tools/bin/../lib/gcc/arm-none-eabi/11.3.1/thumb/v7e-m+fp/hard/crtbegin.o
LOAD D:/ST/STM32CubeIDE_1.13.2/STM32CubeIDE/plugins/com.st.stm32cube.ide.mcu.externaltools.gnu-tools-for-stm32.11.3.rel1.win32_1.1.1.202309131626/tools/bin/../lib/gcc/arm-none-eabi/11.3.1/../../../../arm-none-eabi/lib/thumb/v7e-m+fp/hard/crt0.o
LOAD ./Console/Console.o
LOAD ./GPIO/GPIO.o
LOAD ./Network_Driver/DHCP.o
LOAD ./SPI/SPI.o
LOAD ./Src/main.o
LOAD ./Src/syscalls.o
LOAD ./Src/sysmem.o
LOAD ./Src/system_stm32f4xx.o
LOAD ./Startup/startup_stm32f407vetx.o
LOAD ./USART/USART.o
LOAD ./W5500/W5500.o
LOAD ./W5500/W5500_HAL.o
LOAD ./W5500/W5500_LL.o
LOAD ./W5500/W5500_TCP.o
LOAD ./W5500/W5500_UDP.o
START GROUP
LOAD D:/ST/STM32CubeIDE_1.13.2/STM32CubeIDE/plugins/com.st.stm32cube.ide.mcu.externaltools.gnu-tools-for-stm32.11.3.rel1.win32_1.1.1.202309131626/tools/bin/../lib/gcc/arm-none-eabi/11.3.1/../../../../arm-none-eabi/lib/thumb/v7e-m+fp/hard\libc_nano.a
LOAD D:/ST/STM32CubeIDE_1.13.2/STM32CubeIDE/plugins/com.st.stm32cube.ide.mcu.externaltools.gnu-tools-for-stm32.11.3.rel1.win32_1.1.1.202309131626/tools/bin/../lib/gcc/arm-none-eabi/11.3.1/../../../../arm-none-eabi/lib/thumb/v7e-m+fp/hard\libm.a
END GROUP
START GROUP
LOAD D:/ST/STM32CubeIDE_1.13.2/STM32CubeIDE/plugins/com.st.stm32cube.ide.mcu.externaltools.gnu-tools-for-stm32.11.3.rel1.win32_1.1.1.202309131626/tools/bin/../lib/gcc/arm-none-eabi/11.3.1/thumb/v7e-m+fp/hard\libgcc.a
LOAD D:/ST/STM32CubeIDE_1.13.2/STM32CubeIDE/plugins/com.st.stm32cube.ide.mcu.externaltools.gnu-tools-for-stm32.11.3.rel1.win32_1.1.1.202309131626/tools/bin/../lib/gcc/arm-none-eabi/11.3.1/../../../../arm-none-eabi/lib/thumb/v7e-m+fp/hard\libc_nano.a
END GROUP
START GROUP
LOAD D:/ST/STM32CubeIDE_1.13.2/STM32CubeIDE/plugins/com.st.stm32cube.ide.mcu.externaltools.gnu-tools-for-stm32.11.3.rel1.win32_1.1.1.202309131626/tools/bin/../lib/gcc/arm-none-eabi/11.3.1/thumb/v7e-m+fp/hard\libgcc.a
LOAD D:/ST/STM32CubeIDE_1.13.2/STM32CubeIDE/plugins/com.st.stm32cube.ide.mcu.externaltools.gnu-tools-for-stm32.11.3.rel1.win32_1.1.1.202309131626/tools/bin/../lib/gcc/arm-none-eabi/11.3.1/../../../../arm-none-eabi/lib/thumb/v7e-m+fp/hard\libc_nano.a
LOAD D:/ST/STM32CubeIDE_1.13.2/STM32CubeIDE/plugins/com.st.stm32cube.ide.mcu.externaltools.gnu-tools-for-stm32.11.3.rel1.win32_1.1.1.202309131626/tools/bin/../lib/gcc/arm-none-eabi/11.3.1/../../../../arm-none-eabi/lib/thumb/v7e-m+fp/hard\libnosys.a
END GROUP
START GROUP
LOAD D:/ST/STM32CubeIDE_1.13.2/STM32CubeIDE/plugins/com.st.stm32cube.ide.mcu.externaltools.gnu-tools-for-stm32.11.3.rel1.win32_1.1.1.202309131626/tools/bin/../lib/gcc/arm-none-eabi/11.3.1/thumb/v7e-m+fp/hard\libgcc.a
LOAD D:/ST/STM32CubeIDE_1.13.2/STM32CubeIDE/plugins/com.st.stm32cube.ide.mcu.externaltools.gnu-tools-for-stm32.11.3.rel1.win32_1.1.1.202309131626/tools/bin/../lib/gcc/arm-none-eabi/11.3.1/../../../../arm-none-eabi/lib/thumb/v7e-m+fp/hard\libc_nano.a
LOAD D:/ST/STM32CubeIDE_1.13.2/STM32CubeIDE/plugins/com.st.stm32cube.ide.mcu.externaltools.gnu-tools-for-stm32.11.3.rel1.win32_1.1.1.202309131626/tools/bin/../lib/gcc/arm-none-eabi/11.3.1/../../../../arm-none-eabi/lib/thumb/v7e-m+fp/hard\libnosys.a
END GROUP
LOAD D:/ST/STM32CubeIDE_1.13.2/STM32CubeIDE/plugins/com.st.stm32cube.ide.mcu.externaltools.gnu-tools-for-stm32.11.3.rel1.win32_1.1.1.202309131626/tools/bin/../lib/gcc/arm-none-eabi/11.3.1/thumb/v7e-m+fp/hard/crtend.o
LOAD D:/ST/STM32CubeIDE_1.13.2/STM32CubeIDE/plugins/com.st.stm32cube.ide.mcu.externaltools.gnu-tools-for-stm32.11.3.rel1.win32_1.1.1.202309131626/tools/bin/../lib/gcc/arm-none-eabi/11.3.1/thumb/v7e-m+fp/hard/crtn.o
                0x0000000020020000                _estack = (ORIGIN (RAM) + LENGTH (RAM))
                0x0000000000000200                _Min_Heap_Size = 0x200
                0x0000000000000400                _Min_Stack_Size = 0x400

.isr_vector     0x0000000008000000      0x1a8
                0x0000000008000000                . = ALIGN (0x4)
 *(.isr_vector)
 .isr_vector    0x0000000008000000      0x1a8 ./Startup/startup_stm32f407vetx.o
                0x0000000008000000                g_pfnVectors
                0x00000000080001a8                . = ALIGN (0x4)

.text           0x00000000080001b0     0x3508
                0x00000000080001b0                . = ALIGN (0x4)
 *(.text)
 .text          0x00000000080001b0       0x40 D:/ST/STM32CubeIDE_1.13.2/STM32CubeIDE/plugins/com.st.stm32cube.ide.mcu.externaltools.gnu-tools-for-stm32.11.3.rel1.win32_1.1.1.202309131626/tools/bin/../lib/gcc/arm-none-eabi/11.3.1/thumb/v7e-m+fp/hard/crtbegin.o
 .text          0x00000000080001f0       0x10 D:/ST/STM32CubeIDE_1.13.2/STM32CubeIDE/plugins/com.st.stm32cube.ide.mcu.externaltools.gnu-tools-for-stm32.11.3.rel1.win32_1.1.1.202309131626/tools/bin/../lib/gcc/arm-none-eabi/11.3.1/../../../../arm-none-eabi/lib/thumb/v7e-m+fp/hard\libc_nano.a(libc_a-strlen.o)
                0x00000000080001f0                strlen
 .text          0x0000000008000200       0xa0 D:/ST/STM32CubeIDE_1.13.2/STM32CubeIDE/plugins/com.st.stm32cube.ide.mcu.externaltools.gnu-tools-for-stm32.11.3.rel1.win32_1.1.1.202309131626/tools/bin/../lib/gcc/arm-none-eabi/11.3.1/../../../../arm-none-eabi/lib/thumb/v7e-m+fp/hard\libc_nano.a(libc_a-memchr.o)
                0x0000000008000200                memchr
 *(.text*)
 .text.Console_Init
                0x00000000080002a0       0x4c ./Console/Console.o
                0x00000000080002a0                Console_Init
 .text.printConsole
                0x00000000080002ec       0xc4 ./Console/Console.o
                0x00000000080002ec                printConsole
 .text.GPIO_Pin_High
                0x00000000080003b0       0x24 ./GPIO/GPIO.o
                0x00000000080003b0                GPIO_Pin_High
 .text.GPIO_Pin_Low
                0x00000000080003d4       0x2a ./GPIO/GPIO.o
                0x00000000080003d4                GPIO_Pin_Low
 *fill*         0x00000000080003fe        0x2 
 .text.GPIO_Clock_Enable
                0x0000000008000400       0xbc ./GPIO/GPIO.o
                0x0000000008000400                GPIO_Clock_Enable
 .text.GPIO_Pin_Init
                0x00000000080004bc       0xbe ./GPIO/GPIO.o
                0x00000000080004bc                GPIO_Pin_Init
 *fill*         0x000000000800057a        0x2 
 .text.SPI_Clock_Enable
                0x000000000800057c       0x74 ./SPI/SPI.o
                0x000000000800057c                SPI_Clock_Enable
 .text.SPI_Config_Reset
                0x00000000080005f0       0xc8 ./SPI/SPI.o
                0x00000000080005f0                SPI_Config_Reset
 .text.SPI_Pin  0x00000000080006b8      0x858 ./SPI/SPI.o
 .text.SPI_Init
                0x0000000008000f10       0xfe ./SPI/SPI.o
                0x0000000008000f10                SPI_Init
 .text.SPI_Enable
                0x000000000800100e       0x24 ./SPI/SPI.o
                0x000000000800100e                SPI_Enable
 .text.SPI_TRX_Byte
                0x0000000008001032       0x72 ./SPI/SPI.o
                0x0000000008001032                SPI_TRX_Byte
 .text.SPI_NSS_High
                0x00000000080010a4       0x20 ./SPI/SPI.o
                0x00000000080010a4                SPI_NSS_High
 .text.SPI_NSS_Low
                0x00000000080010c4       0x20 ./SPI/SPI.o
                0x00000000080010c4                SPI_NSS_Low
 .text.__NVIC_SetPriority
                0x00000000080010e4       0x54 ./Src/main.o
 .text.SysTick_Config
                0x0000000008001138       0x44 ./Src/main.o
 .text.MCU_Clock_Setup
                0x000000000800117c      0x120 ./Src/main.o
 .text.Delay_Config
                0x000000000800129c       0x30 ./Src/main.o
 .text.Delay_ms
                0x00000000080012cc       0x5c ./Src/main.o
 .text.Delay_s  0x0000000008001328       0x34 ./Src/main.o
 .text.main     0x000000000800135c      0x214 ./Src/main.o
                0x000000000800135c                main
 .text._sbrk    0x0000000008001570       0x6c ./Src/sysmem.o
                0x0000000008001570                _sbrk
 .text.SystemInit
                0x00000000080015dc       0x24 ./Src/system_stm32f4xx.o
                0x00000000080015dc                SystemInit
 .text.SystemCoreClockUpdate
                0x0000000008001600      0x100 ./Src/system_stm32f4xx.o
                0x0000000008001600                SystemCoreClockUpdate
 .text.Reset_Handler
                0x0000000008001700       0x50 ./Startup/startup_stm32f407vetx.o
                0x0000000008001700                Reset_Handler
 .text.Default_Handler
                0x0000000008001750        0x2 ./Startup/startup_stm32f407vetx.o
                0x0000000008001750                RTC_Alarm_IRQHandler
                0x0000000008001750                HASH_RNG_IRQHandler
                0x0000000008001750                EXTI2_IRQHandler
                0x0000000008001750                TIM8_CC_IRQHandler
                0x0000000008001750                DebugMon_Handler
                0x0000000008001750                TIM1_CC_IRQHandler
                0x0000000008001750                DMA2_Stream5_IRQHandler
                0x0000000008001750                HardFault_Handler
                0x0000000008001750                DMA1_Stream5_IRQHandler
                0x0000000008001750                SysTick_Handler
                0x0000000008001750                PVD_IRQHandler
                0x0000000008001750                SDIO_IRQHandler
                0x0000000008001750                TAMP_STAMP_IRQHandler
                0x0000000008001750                PendSV_Handler
                0x0000000008001750                NMI_Handler
                0x0000000008001750                CAN2_RX1_IRQHandler
                0x0000000008001750                EXTI3_IRQHandler
                0x0000000008001750                TIM8_TRG_COM_TIM14_IRQHandler
                0x0000000008001750                TIM1_UP_TIM10_IRQHandler
                0x0000000008001750                TIM8_UP_TIM13_IRQHandler
                0x0000000008001750                I2C3_ER_IRQHandler
                0x0000000008001750                LCD_TFT_IRQHandler
                0x0000000008001750                EXTI0_IRQHandler
                0x0000000008001750                I2C2_EV_IRQHandler
                0x0000000008001750                DMA1_Stream2_IRQHandler
                0x0000000008001750                CAN1_RX0_IRQHandler
                0x0000000008001750                FPU_IRQHandler
                0x0000000008001750                OTG_HS_WKUP_IRQHandler
                0x0000000008001750                UsageFault_Handler
                0x0000000008001750                CAN2_SCE_IRQHandler
                0x0000000008001750                DMA2_Stream2_IRQHandler
                0x0000000008001750                SPI1_IRQHandler
                0x0000000008001750                TIM6_DAC_IRQHandler
                0x0000000008001750                TIM1_BRK_TIM9_IRQHandler
                0x0000000008001750                DCMI_IRQHandler
                0x0000000008001750                CAN2_RX0_IRQHandler
                0x0000000008001750                DMA2_Stream3_IRQHandler
                0x0000000008001750                USART6_IRQHandler
                0x0000000008001750                USART3_IRQHandler
                0x0000000008001750                CRYP_IRQHandler
                0x0000000008001750                CAN1_RX1_IRQHandler
                0x0000000008001750                UART5_IRQHandler
                0x0000000008001750                DMA2_Stream0_IRQHandler
                0x0000000008001750                TIM4_IRQHandler
                0x0000000008001750                I2C1_EV_IRQHandler
                0x0000000008001750                DMA1_Stream6_IRQHandler
                0x0000000008001750                DMA1_Stream1_IRQHandler
                0x0000000008001750                UART4_IRQHandler
                0x0000000008001750                LCD_TFT_1_IRQHandler
                0x0000000008001750                TIM3_IRQHandler
                0x0000000008001750                RCC_IRQHandler
                0x0000000008001750                TIM8_BRK_TIM12_IRQHandler
                0x0000000008001750                Default_Handler
                0x0000000008001750                EXTI15_10_IRQHandler
                0x0000000008001750                ADC_IRQHandler
                0x0000000008001750                DMA1_Stream7_IRQHandler
                0x0000000008001750                TIM7_IRQHandler
                0x0000000008001750                CAN2_TX_IRQHandler
                0x0000000008001750                TIM5_IRQHandler
                0x0000000008001750                DMA2_Stream7_IRQHandler
                0x0000000008001750                I2C3_EV_IRQHandler
                0x0000000008001750                EXTI9_5_IRQHandler
                0x0000000008001750                RTC_WKUP_IRQHandler
                0x0000000008001750                ETH_WKUP_IRQHandler
                0x0000000008001750                SPI2_IRQHandler
                0x0000000008001750                OTG_HS_EP1_IN_IRQHandler
                0x0000000008001750                MemManage_Handler
                0x0000000008001750                DMA1_Stream0_IRQHandler
                0x0000000008001750                CAN1_TX_IRQHandler
                0x0000000008001750                SVC_Handler
                0x0000000008001750                EXTI4_IRQHandler
                0x0000000008001750                FSMC_IRQHandler
                0x0000000008001750                ETH_IRQHandler
                0x0000000008001750                OTG_HS_EP1_OUT_IRQHandler
                0x0000000008001750                WWDG_IRQHandler
                0x0000000008001750                TIM2_IRQHandler
                0x0000000008001750                OTG_FS_WKUP_IRQHandler
                0x0000000008001750                TIM1_TRG_COM_TIM11_IRQHandler
                0x0000000008001750                OTG_HS_IRQHandler
                0x0000000008001750                EXTI1_IRQHandler
                0x0000000008001750                USART2_IRQHandler
                0x0000000008001750                I2C2_ER_IRQHandler
                0x0000000008001750                DMA2_Stream1_IRQHandler
                0x0000000008001750                CAN1_SCE_IRQHandler
                0x0000000008001750                DMA2_Stream4_IRQHandler
                0x0000000008001750                BusFault_Handler
                0x0000000008001750                USART1_IRQHandler
                0x0000000008001750                OTG_FS_IRQHandler
                0x0000000008001750                SPI3_IRQHandler
                0x0000000008001750                DMA1_Stream4_IRQHandler
                0x0000000008001750                I2C1_ER_IRQHandler
                0x0000000008001750                DMA2_Stream6_IRQHandler
                0x0000000008001750                DMA1_Stream3_IRQHandler
 .text.USART_Config_Reset
                0x0000000008001752       0x42 ./USART/USART.o
                0x0000000008001752                USART_Config_Reset
 .text.USART_Clock_Enable
                0x0000000008001794      0x148 ./USART/USART.o
                0x0000000008001794                USART_Clock_Enable
 .text.PIN_Setup
                0x00000000080018dc      0x8b0 ./USART/USART.o
 .text.USART_Init
                0x000000000800218c       0xb4 ./USART/USART.o
                0x000000000800218c                USART_Init
 .text.Delay_ms
                0x0000000008002240       0x5c ./W5500/W5500.o
 .text.Delay_s  0x000000000800229c       0x34 ./W5500/W5500.o
 .text.W5500_Init
                0x00000000080022d0      0x178 ./W5500/W5500.o
                0x00000000080022d0                W5500_Init
 .text.W5500_Read_ID
                0x0000000008002448       0x20 ./W5500/W5500_HAL.o
                0x0000000008002448                W5500_Read_ID
 .text.W5500_Setup_Gateway_Address
                0x0000000008002468       0x1e ./W5500/W5500_HAL.o
                0x0000000008002468                W5500_Setup_Gateway_Address
 .text.W5500_Setup_Subnet_Mask_Address
                0x0000000008002486       0x1e ./W5500/W5500_HAL.o
                0x0000000008002486                W5500_Setup_Subnet_Mask_Address
 .text.W5500_Setup_Source_Hardware_Address
                0x00000000080024a4       0x24 ./W5500/W5500_HAL.o
                0x00000000080024a4                W5500_Setup_Source_Hardware_Address
 .text.W5500_Setup_Source_IP_Address
                0x00000000080024c8       0x1e ./W5500/W5500_HAL.o
                0x00000000080024c8                W5500_Setup_Source_IP_Address
 .text.Write_1_Byte
                0x00000000080024e6       0x70 ./W5500/W5500_LL.o
                0x00000000080024e6                Write_1_Byte
 .text.Write_2_Byte
                0x0000000008002556       0x7a ./W5500/W5500_LL.o
                0x0000000008002556                Write_2_Byte
 .text.Write_4_Byte
                0x00000000080025d0       0x9a ./W5500/W5500_LL.o
                0x00000000080025d0                Write_4_Byte
 .text.Write_Multiple_Bytes
                0x000000000800266a       0x82 ./W5500/W5500_LL.o
                0x000000000800266a                Write_Multiple_Bytes
 .text.Read_1_Byte
                0x00000000080026ec       0x6c ./W5500/W5500_LL.o
                0x00000000080026ec                Read_1_Byte
 .text.Read_Multiple_Bytes
                0x0000000008002758       0x80 ./W5500/W5500_LL.o
                0x0000000008002758                Read_Multiple_Bytes
 .text.Delay_ms
                0x00000000080027d8       0x5c ./W5500/W5500_UDP.o
 .text.W5500_UDP_Socket_Open
                0x0000000008002834       0xf0 ./W5500/W5500_UDP.o
                0x0000000008002834                W5500_UDP_Socket_Open
 .text.W5500_UDP_Socket_Send_Packet
                0x0000000008002924      0x106 ./W5500/W5500_UDP.o
                0x0000000008002924                W5500_UDP_Socket_Send_Packet
 *fill*         0x0000000008002a2a        0x2 
 .text.W5500_UDP_Socket_Get_Packet
                0x0000000008002a2c      0x2b8 ./W5500/W5500_UDP.o
                0x0000000008002a2c                W5500_UDP_Socket_Get_Packet
 .text.W5500_UDP_Socket_Close
                0x0000000008002ce4       0x84 ./W5500/W5500_UDP.o
                0x0000000008002ce4                W5500_UDP_Socket_Close
 .text._vsprintf_r
                0x0000000008002d68       0x2c D:/ST/STM32CubeIDE_1.13.2/STM32CubeIDE/plugins/com.st.stm32cube.ide.mcu.externaltools.gnu-tools-for-stm32.11.3.rel1.win32_1.1.1.202309131626/tools/bin/../lib/gcc/arm-none-eabi/11.3.1/../../../../arm-none-eabi/lib/thumb/v7e-m+fp/hard\libc_nano.a(libc_a-vsprintf.o)
                0x0000000008002d68                _vsprintf_r
                0x0000000008002d68                _vsiprintf_r
 .text.vsprintf
                0x0000000008002d94       0x14 D:/ST/STM32CubeIDE_1.13.2/STM32CubeIDE/plugins/com.st.stm32cube.ide.mcu.externaltools.gnu-tools-for-stm32.11.3.rel1.win32_1.1.1.202309131626/tools/bin/../lib/gcc/arm-none-eabi/11.3.1/../../../../arm-none-eabi/lib/thumb/v7e-m+fp/hard\libc_nano.a(libc_a-vsprintf.o)
                0x0000000008002d94                vsiprintf
                0x0000000008002d94                vsprintf
 .text.__errno  0x0000000008002da8        0xc D:/ST/STM32CubeIDE_1.13.2/STM32CubeIDE/plugins/com.st.stm32cube.ide.mcu.externaltools.gnu-tools-for-stm32.11.3.rel1.win32_1.1.1.202309131626/tools/bin/../lib/gcc/arm-none-eabi/11.3.1/../../../../arm-none-eabi/lib/thumb/v7e-m+fp/hard\libc_nano.a(libc_a-errno.o)
                0x0000000008002da8                __errno
 .text.__libc_init_array
                0x0000000008002db4       0x48 D:/ST/STM32CubeIDE_1.13.2/STM32CubeIDE/plugins/com.st.stm32cube.ide.mcu.externaltools.gnu-tools-for-stm32.11.3.rel1.win32_1.1.1.202309131626/tools/bin/../lib/gcc/arm-none-eabi/11.3.1/../../../../arm-none-eabi/lib/thumb/v7e-m+fp/hard\libc_nano.a(libc_a-init.o)
                0x0000000008002db4                __libc_init_array
 .text.__retarget_lock_acquire_recursive
                0x0000000008002dfc        0x2 D:/ST/STM32CubeIDE_1.13.2/STM32CubeIDE/plugins/com.st.stm32cube.ide.mcu.externaltools.gnu-tools-for-stm32.11.3.rel1.win32_1.1.1.202309131626/tools/bin/../lib/gcc/arm-none-eabi/11.3.1/../../../../arm-none-eabi/lib/thumb/v7e-m+fp/hard\libc_nano.a(libc_a-lock.o)
                0x0000000008002dfc                __retarget_lock_acquire_recursive
 .text.__retarget_lock_release_recursive
                0x0000000008002dfe        0x2 D:/ST/STM32CubeIDE_1.13.2/STM32CubeIDE/plugins/com.st.stm32cube.ide.mcu.externaltools.gnu-tools-for-stm32.11.3.rel1.win32_1.1.1.202309131626/tools/bin/../lib/gcc/arm-none-eabi/11.3.1/../../../../arm-none-eabi/lib/thumb/v7e-m+fp/hard\libc_nano.a(libc_a-lock.o)
                0x0000000008002dfe                __retarget_lock_release_recursive
 .text._free_r  0x0000000008002e00       0x98 D:/ST/STM32CubeIDE_1.13.2/STM32CubeIDE/plugins/com.st.stm32cube.ide.mcu.externaltools.gnu-tools-for-stm32.11.3.rel1.win32_1.1.1.202309131626/tools/bin/../lib/gcc/arm-none-eabi/11.3.1/../../../../arm-none-eabi/lib/thumb/v7e-m+fp/hard\libc_nano.a(libc_a-freer.o)
                0x0000000008002e00                _free_r
 .text.sbrk_aligned
                0x0000000008002e98       0x40 D:/ST/STM32CubeIDE_1.13.2/STM32CubeIDE/plugins/com.st.stm32cube.ide.mcu.externaltools.gnu-tools-for-stm32.11.3.rel1.win32_1.1.1.202309131626/tools/bin/../lib/gcc/arm-none-eabi/11.3.1/../../../../arm-none-eabi/lib/thumb/v7e-m+fp/hard\libc_nano.a(libc_a-mallocr.o)
 .text._malloc_r
                0x0000000008002ed8      0x100 D:/ST/STM32CubeIDE_1.13.2/STM32CubeIDE/plugins/com.st.stm32cube.ide.mcu.externaltools.gnu-tools-for-stm32.11.3.rel1.win32_1.1.1.202309131626/tools/bin/../lib/gcc/arm-none-eabi/11.3.1/../../../../arm-none-eabi/lib/thumb/v7e-m+fp/hard\libc_nano.a(libc_a-mallocr.o)
                0x0000000008002ed8                _malloc_r
 .text.__malloc_lock
                0x0000000008002fd8        0xc D:/ST/STM32CubeIDE_1.13.2/STM32CubeIDE/plugins/com.st.stm32cube.ide.mcu.externaltools.gnu-tools-for-stm32.11.3.rel1.win32_1.1.1.202309131626/tools/bin/../lib/gcc/arm-none-eabi/11.3.1/../../../../arm-none-eabi/lib/thumb/v7e-m+fp/hard\libc_nano.a(libc_a-mlock.o)
                0x0000000008002fd8                __malloc_lock
 .text.__malloc_unlock
                0x0000000008002fe4        0xc D:/ST/STM32CubeIDE_1.13.2/STM32CubeIDE/plugins/com.st.stm32cube.ide.mcu.externaltools.gnu-tools-for-stm32.11.3.rel1.win32_1.1.1.202309131626/tools/bin/../lib/gcc/arm-none-eabi/11.3.1/../../../../arm-none-eabi/lib/thumb/v7e-m+fp/hard\libc_nano.a(libc_a-mlock.o)
                0x0000000008002fe4                __malloc_unlock
 .text.__ssputs_r
                0x0000000008002ff0       0xb4 D:/ST/STM32CubeIDE_1.13.2/STM32CubeIDE/plugins/com.st.stm32cube.ide.mcu.externaltools.gnu-tools-for-stm32.11.3.rel1.win32_1.1.1.202309131626/tools/bin/../lib/gcc/arm-none-eabi/11.3.1/../../../../arm-none-eabi/lib/thumb/v7e-m+fp/hard\libc_nano.a(libc_a-nano-svfprintf.o)
                0x0000000008002ff0                __ssputs_r
 .text._svfprintf_r
                0x00000000080030a4      0x1fc D:/ST/STM32CubeIDE_1.13.2/STM32CubeIDE/plugins/com.st.stm32cube.ide.mcu.externaltools.gnu-tools-for-stm32.11.3.rel1.win32_1.1.1.202309131626/tools/bin/../lib/gcc/arm-none-eabi/11.3.1/../../../../arm-none-eabi/lib/thumb/v7e-m+fp/hard\libc_nano.a(libc_a-nano-svfprintf.o)
                0x00000000080030a4                _svfiprintf_r
                0x00000000080030a4                _svfprintf_r
 .text._printf_common
                0x00000000080032a0       0xda D:/ST/STM32CubeIDE_1.13.2/STM32CubeIDE/plugins/com.st.stm32cube.ide.mcu.externaltools.gnu-tools-for-stm32.11.3.rel1.win32_1.1.1.202309131626/tools/bin/../lib/gcc/arm-none-eabi/11.3.1/../../../../arm-none-eabi/lib/thumb/v7e-m+fp/hard\libc_nano.a(libc_a-nano-vfprintf_i.o)
                0x00000000080032a0                _printf_common
 *fill*         0x000000000800337a        0x2 
 .text._printf_i
                0x000000000800337c      0x244 D:/ST/STM32CubeIDE_1.13.2/STM32CubeIDE/plugins/com.st.stm32cube.ide.mcu.externaltools.gnu-tools-for-stm32.11.3.rel1.win32_1.1.1.202309131626/tools/bin/../lib/gcc/arm-none-eabi/11.3.1/../../../../arm-none-eabi/lib/thumb/v7e-m+fp/hard\libc_nano.a(libc_a-nano-vfprintf_i.o)
                0x000000000800337c                _printf_i
 .text.memmove  0x00000000080035c0       0x34 D:/ST/STM32CubeIDE_1.13.2/STM32CubeIDE/plugins/com.st.stm32cube.ide.mcu.externaltools.gnu-tools-for-stm32.11.3.rel1.win32_1.1.1.202309131626/tools/bin/../lib/gcc/arm-none-eabi/11.3.1/../../../../arm-none-eabi/lib/thumb/v7e-m+fp/hard\libc_nano.a(libc_a-memmove.o)
                0x00000000080035c0                memmove
 .text._sbrk_r  0x00000000080035f4       0x20 D:/ST/STM32CubeIDE_1.13.2/STM32CubeIDE/plugins/com.st.stm32cube.ide.mcu.externaltools.gnu-tools-for-stm32.11.3.rel1.win32_1.1.1.202309131626/tools/bin/../lib/gcc/arm-none-eabi/11.3.1/../../../../arm-none-eabi/lib/thumb/v7e-m+fp/hard\libc_nano.a(libc_a-sbrkr.o)
                0x00000000080035f4                _sbrk_r
 .text.memcpy   0x0000000008003614       0x1c D:/ST/STM32CubeIDE_1.13.2/STM32CubeIDE/plugins/com.st.stm32cube.ide.mcu.externaltools.gnu-tools-for-stm32.11.3.rel1.win32_1.1.1.202309131626/tools/bin/../lib/gcc/arm-none-eabi/11.3.1/../../../../arm-none-eabi/lib/thumb/v7e-m+fp/hard\libc_nano.a(libc_a-memcpy-stub.o)
                0x0000000008003614                memcpy
 .text._realloc_r
                0x0000000008003630       0x5e D:/ST/STM32CubeIDE_1.13.2/STM32CubeIDE/plugins/com.st.stm32cube.ide.mcu.externaltools.gnu-tools-for-stm32.11.3.rel1.win32_1.1.1.202309131626/tools/bin/../lib/gcc/arm-none-eabi/11.3.1/../../../../arm-none-eabi/lib/thumb/v7e-m+fp/hard\libc_nano.a(libc_a-reallocr.o)
                0x0000000008003630                _realloc_r
 .text._malloc_usable_size_r
                0x000000000800368e       0x10 D:/ST/STM32CubeIDE_1.13.2/STM32CubeIDE/plugins/com.st.stm32cube.ide.mcu.externaltools.gnu-tools-for-stm32.11.3.rel1.win32_1.1.1.202309131626/tools/bin/../lib/gcc/arm-none-eabi/11.3.1/../../../../arm-none-eabi/lib/thumb/v7e-m+fp/hard\libc_nano.a(libc_a-msizer.o)
                0x000000000800368e                _malloc_usable_size_r
 *(.glue_7)
 .glue_7        0x000000000800369e        0x0 linker stubs
 *(.glue_7t)
 .glue_7t       0x000000000800369e        0x0 linker stubs
 *(.eh_frame)
 *fill*         0x000000000800369e        0x2 
 .eh_frame      0x00000000080036a0        0x0 D:/ST/STM32CubeIDE_1.13.2/STM32CubeIDE/plugins/com.st.stm32cube.ide.mcu.externaltools.gnu-tools-for-stm32.11.3.rel1.win32_1.1.1.202309131626/tools/bin/../lib/gcc/arm-none-eabi/11.3.1/thumb/v7e-m+fp/hard/crtbegin.o
 *(.init)
 .init          0x00000000080036a0        0x4 D:/ST/STM32CubeIDE_1.13.2/STM32CubeIDE/plugins/com.st.stm32cube.ide.mcu.externaltools.gnu-tools-for-stm32.11.3.rel1.win32_1.1.1.202309131626/tools/bin/../lib/gcc/arm-none-eabi/11.3.1/thumb/v7e-m+fp/hard/crti.o
                0x00000000080036a0                _init
 .init          0x00000000080036a4        0x8 D:/ST/STM32CubeIDE_1.13.2/STM32CubeIDE/plugins/com.st.stm32cube.ide.mcu.externaltools.gnu-tools-for-stm32.11.3.rel1.win32_1.1.1.202309131626/tools/bin/../lib/gcc/arm-none-eabi/11.3.1/thumb/v7e-m+fp/hard/crtn.o
 *(.fini)
 .fini          0x00000000080036ac        0x4 D:/ST/STM32CubeIDE_1.13.2/STM32CubeIDE/plugins/com.st.stm32cube.ide.mcu.externaltools.gnu-tools-for-stm32.11.3.rel1.win32_1.1.1.202309131626/tools/bin/../lib/gcc/arm-none-eabi/11.3.1/thumb/v7e-m+fp/hard/crti.o
                0x00000000080036ac                _fini
 .fini          0x00000000080036b0        0x8 D:/ST/STM32CubeIDE_1.13.2/STM32CubeIDE/plugins/com.st.stm32cube.ide.mcu.externaltools.gnu-tools-for-stm32.11.3.rel1.win32_1.1.1.202309131626/tools/bin/../lib/gcc/arm-none-eabi/11.3.1/thumb/v7e-m+fp/hard/crtn.o
                0x00000000080036b8                . = ALIGN (0x4)
                0x00000000080036b8                _etext = .

.vfp11_veneer   0x00000000080036b8        0x0
 .vfp11_veneer  0x00000000080036b8        0x0 linker stubs

.v4_bx          0x00000000080036b8        0x0
 .v4_bx         0x00000000080036b8        0x0 linker stubs

.iplt           0x00000000080036b8        0x0
 .iplt          0x00000000080036b8        0x0 D:/ST/STM32CubeIDE_1.13.2/STM32CubeIDE/plugins/com.st.stm32cube.ide.mcu.externaltools.gnu-tools-for-stm32.11.3.rel1.win32_1.1.1.202309131626/tools/bin/../lib/gcc/arm-none-eabi/11.3.1/thumb/v7e-m+fp/hard/crtbegin.o

.rodata         0x00000000080036b8       0x5c
                0x00000000080036b8                . = ALIGN (0x4)
 *(.rodata)
 .rodata        0x00000000080036b8       0x16 ./Src/main.o
 *(.rodata*)
 *fill*         0x00000000080036ce        0x2 
 .rodata.AHBPrescTable
                0x00000000080036d0       0x10 ./Src/system_stm32f4xx.o
                0x00000000080036d0                AHBPrescTable
 .rodata._svfprintf_r.str1.1
                0x00000000080036e0       0x11 D:/ST/STM32CubeIDE_1.13.2/STM32CubeIDE/plugins/com.st.stm32cube.ide.mcu.externaltools.gnu-tools-for-stm32.11.3.rel1.win32_1.1.1.202309131626/tools/bin/../lib/gcc/arm-none-eabi/11.3.1/../../../../arm-none-eabi/lib/thumb/v7e-m+fp/hard\libc_nano.a(libc_a-nano-svfprintf.o)
 .rodata._printf_i.str1.1
                0x00000000080036f1       0x22 D:/ST/STM32CubeIDE_1.13.2/STM32CubeIDE/plugins/com.st.stm32cube.ide.mcu.externaltools.gnu-tools-for-stm32.11.3.rel1.win32_1.1.1.202309131626/tools/bin/../lib/gcc/arm-none-eabi/11.3.1/../../../../arm-none-eabi/lib/thumb/v7e-m+fp/hard\libc_nano.a(libc_a-nano-vfprintf_i.o)
                0x0000000008003714                . = ALIGN (0x4)
 *fill*         0x0000000008003713        0x1 

.rel.dyn        0x0000000008003714        0x0
 .rel.iplt      0x0000000008003714        0x0 D:/ST/STM32CubeIDE_1.13.2/STM32CubeIDE/plugins/com.st.stm32cube.ide.mcu.externaltools.gnu-tools-for-stm32.11.3.rel1.win32_1.1.1.202309131626/tools/bin/../lib/gcc/arm-none-eabi/11.3.1/thumb/v7e-m+fp/hard/crtbegin.o

.ARM.extab      0x0000000008003714        0x0
                0x0000000008003714                . = ALIGN (0x4)
 *(.ARM.extab* .gnu.linkonce.armextab.*)
                0x0000000008003714                . = ALIGN (0x4)

.ARM            0x0000000008003714        0x0
                0x0000000008003714                . = ALIGN (0x4)
                0x0000000008003714                __exidx_start = .
 *(.ARM.exidx*)
                0x0000000008003714                __exidx_end = .
                0x0000000008003714                . = ALIGN (0x4)

.preinit_array  0x0000000008003714        0x0
                0x0000000008003714                . = ALIGN (0x4)
                0x0000000008003714                PROVIDE (__preinit_array_start = .)
 *(.preinit_array*)
                0x0000000008003714                PROVIDE (__preinit_array_end = .)
                0x0000000008003714                . = ALIGN (0x4)

.init_array     0x0000000008003714        0x4
                0x0000000008003714                . = ALIGN (0x4)
                0x0000000008003714                PROVIDE (__init_array_start = .)
 *(SORT_BY_NAME(.init_array.*))
 *(.init_array*)
 .init_array    0x0000000008003714        0x4 D:/ST/STM32CubeIDE_1.13.2/STM32CubeIDE/plugins/com.st.stm32cube.ide.mcu.externaltools.gnu-tools-for-stm32.11.3.rel1.win32_1.1.1.202309131626/tools/bin/../lib/gcc/arm-none-eabi/11.3.1/thumb/v7e-m+fp/hard/crtbegin.o
                0x0000000008003718                PROVIDE (__init_array_end = .)
                0x0000000008003718                . = ALIGN (0x4)

.fini_array     0x0000000008003718        0x4
                0x0000000008003718                . = ALIGN (0x4)
                [!provide]                        PROVIDE (__fini_array_start = .)
 *(SORT_BY_NAME(.fini_array.*))
 *(.fini_array*)
 .fini_array    0x0000000008003718        0x4 D:/ST/STM32CubeIDE_1.13.2/STM32CubeIDE/plugins/com.st.stm32cube.ide.mcu.externaltools.gnu-tools-for-stm32.11.3.rel1.win32_1.1.1.202309131626/tools/bin/../lib/gcc/arm-none-eabi/11.3.1/thumb/v7e-m+fp/hard/crtbegin.o
                [!provide]                        PROVIDE (__fini_array_end = .)
                0x000000000800371c                . = ALIGN (0x4)
                0x000000000800371c                _sidata = LOADADDR (.data)

.data           0x0000000020000000       0x5c load address 0x000000000800371c
                0x0000000020000000                . = ALIGN (0x4)
                0x0000000020000000                _sdata = .
 *(.data)
 *(.data*)
 .data.SystemCoreClock
                0x0000000020000000        0x4 ./Src/system_stm32f4xx.o
                0x0000000020000000                SystemCoreClock
 .data.counter_overflow
                0x0000000020000004        0x4 ./W5500/W5500.o
                0x0000000020000004                counter_overflow
 .data.counter_overflow_udp
                0x0000000020000008        0x4 ./W5500/W5500_UDP.o
                0x0000000020000008                counter_overflow_udp
 .data._impure_data
                0x000000002000000c       0x4c D:/ST/STM32CubeIDE_1.13.2/STM32CubeIDE/plugins/com.st.stm32cube.ide.mcu.externaltools.gnu-tools-for-stm32.11.3.rel1.win32_1.1.1.202309131626/tools/bin/../lib/gcc/arm-none-eabi/11.3.1/../../../../arm-none-eabi/lib/thumb/v7e-m+fp/hard\libc_nano.a(libc_a-impure.o)
                0x000000002000000c                _impure_data
 .data._impure_ptr
                0x0000000020000058        0x4 D:/ST/STM32CubeIDE_1.13.2/STM32CubeIDE/plugins/com.st.stm32cube.ide.mcu.externaltools.gnu-tools-for-stm32.11.3.rel1.win32_1.1.1.202309131626/tools/bin/../lib/gcc/arm-none-eabi/11.3.1/../../../../arm-none-eabi/lib/thumb/v7e-m+fp/hard\libc_nano.a(libc_a-impure.o)
                0x0000000020000058                _impure_ptr
 *(.RamFunc)
 *(.RamFunc*)
                0x000000002000005c                . = ALIGN (0x4)
                0x000000002000005c                _edata = .
                0x0000000008003778                _siccmram = LOADADDR (.ccmram)

.igot.plt       0x000000002000005c        0x0 load address 0x0000000008003778
 .igot.plt      0x000000002000005c        0x0 D:/ST/STM32CubeIDE_1.13.2/STM32CubeIDE/plugins/com.st.stm32cube.ide.mcu.externaltools.gnu-tools-for-stm32.11.3.rel1.win32_1.1.1.202309131626/tools/bin/../lib/gcc/arm-none-eabi/11.3.1/thumb/v7e-m+fp/hard/crtbegin.o

.ccmram         0x0000000010000000        0x0 load address 0x0000000008003778
                0x0000000010000000                . = ALIGN (0x4)
                0x0000000010000000                _sccmram = .
 *(.ccmram)
 *(.ccmram*)
                0x0000000010000000                . = ALIGN (0x4)
                0x0000000010000000                _eccmram = .
                0x0000000010000000                . = ALIGN (0x4)

.bss            0x000000002000005c      0x1e4
                0x000000002000005c                _sbss = .
                0x000000002000005c                __bss_start__ = _sbss
 *(.bss)
 .bss           0x000000002000005c       0x1c D:/ST/STM32CubeIDE_1.13.2/STM32CubeIDE/plugins/com.st.stm32cube.ide.mcu.externaltools.gnu-tools-for-stm32.11.3.rel1.win32_1.1.1.202309131626/tools/bin/../lib/gcc/arm-none-eabi/11.3.1/thumb/v7e-m+fp/hard/crtbegin.o
 *(.bss*)
 .bss.serial    0x0000000020000078       0x18 ./Console/Console.o
                0x0000000020000078                serial
 .bss.xW5500    0x0000000020000090       0x3c ./Src/main.o
                0x0000000020000090                xW5500
 .bss.xW5500_Socket0
                0x00000000200000cc       0x18 ./Src/main.o
                0x00000000200000cc                xW5500_Socket0
 .bss.__sbrk_heap_end
                0x00000000200000e4        0x4 ./Src/sysmem.o
 .bss.counter_reset
                0x00000000200000e8        0x4 ./W5500/W5500.o
                0x00000000200000e8                counter_reset
 .bss.counter   0x00000000200000ec        0x4 ./W5500/W5500.o
                0x00000000200000ec                counter
 .bss.counter_reset_udp
                0x00000000200000f0        0x4 ./W5500/W5500_UDP.o
                0x00000000200000f0                counter_reset_udp
 .bss.counter_udp
                0x00000000200000f4        0x4 ./W5500/W5500_UDP.o
                0x00000000200000f4                counter_udp
 .bss.__sf      0x00000000200000f8      0x138 D:/ST/STM32CubeIDE_1.13.2/STM32CubeIDE/plugins/com.st.stm32cube.ide.mcu.externaltools.gnu-tools-for-stm32.11.3.rel1.win32_1.1.1.202309131626/tools/bin/../lib/gcc/arm-none-eabi/11.3.1/../../../../arm-none-eabi/lib/thumb/v7e-m+fp/hard\libc_nano.a(libc_a-findfp.o)
                0x00000000200000f8                __sf
 .bss.errno     0x0000000020000230        0x4 D:/ST/STM32CubeIDE_1.13.2/STM32CubeIDE/plugins/com.st.stm32cube.ide.mcu.externaltools.gnu-tools-for-stm32.11.3.rel1.win32_1.1.1.202309131626/tools/bin/../lib/gcc/arm-none-eabi/11.3.1/../../../../arm-none-eabi/lib/thumb/v7e-m+fp/hard\libc_nano.a(libc_a-reent.o)
                0x0000000020000230                errno
 .bss.__lock___malloc_recursive_mutex
                0x0000000020000234        0x1 D:/ST/STM32CubeIDE_1.13.2/STM32CubeIDE/plugins/com.st.stm32cube.ide.mcu.externaltools.gnu-tools-for-stm32.11.3.rel1.win32_1.1.1.202309131626/tools/bin/../lib/gcc/arm-none-eabi/11.3.1/../../../../arm-none-eabi/lib/thumb/v7e-m+fp/hard\libc_nano.a(libc_a-lock.o)
                0x0000000020000234                __lock___malloc_recursive_mutex
 *fill*         0x0000000020000235        0x3 
 .bss.__malloc_free_list
                0x0000000020000238        0x4 D:/ST/STM32CubeIDE_1.13.2/STM32CubeIDE/plugins/com.st.stm32cube.ide.mcu.externaltools.gnu-tools-for-stm32.11.3.rel1.win32_1.1.1.202309131626/tools/bin/../lib/gcc/arm-none-eabi/11.3.1/../../../../arm-none-eabi/lib/thumb/v7e-m+fp/hard\libc_nano.a(libc_a-mallocr.o)
                0x0000000020000238                __malloc_free_list
 .bss.__malloc_sbrk_start
                0x000000002000023c        0x4 D:/ST/STM32CubeIDE_1.13.2/STM32CubeIDE/plugins/com.st.stm32cube.ide.mcu.externaltools.gnu-tools-for-stm32.11.3.rel1.win32_1.1.1.202309131626/tools/bin/../lib/gcc/arm-none-eabi/11.3.1/../../../../arm-none-eabi/lib/thumb/v7e-m+fp/hard\libc_nano.a(libc_a-mallocr.o)
                0x000000002000023c                __malloc_sbrk_start
 *(COMMON)
                0x0000000020000240                . = ALIGN (0x4)
                0x0000000020000240                _ebss = .
                0x0000000020000240                __bss_end__ = _ebss

._user_heap_stack
                0x0000000020000240      0x600
                0x0000000020000240                . = ALIGN (0x8)
                [!provide]                        PROVIDE (end = .)
                0x0000000020000240                PROVIDE (_end = .)
                0x0000000020000440                . = (. + _Min_Heap_Size)
 *fill*         0x0000000020000240      0x200 
                0x0000000020000840                . = (. + _Min_Stack_Size)
 *fill*         0x0000000020000440      0x400 
                0x0000000020000840                . = ALIGN (0x8)

/DISCARD/
 libc.a(*)
 libm.a(*)
 libgcc.a(*)

.ARM.attributes
                0x0000000000000000       0x30
 *(.ARM.attributes)
 .ARM.attributes
                0x0000000000000000       0x1e D:/ST/STM32CubeIDE_1.13.2/STM32CubeIDE/plugins/com.st.stm32cube.ide.mcu.externaltools.gnu-tools-for-stm32.11.3.rel1.win32_1.1.1.202309131626/tools/bin/../lib/gcc/arm-none-eabi/11.3.1/thumb/v7e-m+fp/hard/crti.o
 .ARM.attributes
                0x000000000000001e       0x34 D:/ST/STM32CubeIDE_1.13.2/STM32CubeIDE/plugins/com.st.stm32cube.ide.mcu.externaltools.gnu-tools-for-stm32.11.3.rel1.win32_1.1.1.202309131626/tools/bin/../lib/gcc/arm-none-eabi/11.3.1/thumb/v7e-m+fp/hard/crtbegin.o
 .ARM.attributes
                0x0000000000000052       0x34 ./Console/Console.o
 .ARM.attributes
                0x0000000000000086       0x34 ./GPIO/GPIO.o
 .ARM.attributes
                0x00000000000000ba       0x34 ./SPI/SPI.o
 .ARM.attributes
                0x00000000000000ee       0x34 ./Src/main.o
 .ARM.attributes
                0x0000000000000122       0x34 ./Src/sysmem.o
 .ARM.attributes
                0x0000000000000156       0x34 ./Src/system_stm32f4xx.o
 .ARM.attributes
                0x000000000000018a       0x21 ./Startup/startup_stm32f407vetx.o
 .ARM.attributes
                0x00000000000001ab       0x34 ./USART/USART.o
 .ARM.attributes
                0x00000000000001df       0x34 ./W5500/W5500.o
 .ARM.attributes
                0x0000000000000213       0x34 ./W5500/W5500_HAL.o
 .ARM.attributes
                0x0000000000000247       0x34 ./W5500/W5500_LL.o
 .ARM.attributes
                0x000000000000027b       0x34 ./W5500/W5500_UDP.o
 .ARM.attributes
                0x00000000000002af       0x34 D:/ST/STM32CubeIDE_1.13.2/STM32CubeIDE/plugins/com.st.stm32cube.ide.mcu.externaltools.gnu-tools-for-stm32.11.3.rel1.win32_1.1.1.202309131626/tools/bin/../lib/gcc/arm-none-eabi/11.3.1/../../../../arm-none-eabi/lib/thumb/v7e-m+fp/hard\libc_nano.a(libc_a-findfp.o)
 .ARM.attributes
                0x00000000000002e3       0x34 D:/ST/STM32CubeIDE_1.13.2/STM32CubeIDE/plugins/com.st.stm32cube.ide.mcu.externaltools.gnu-tools-for-stm32.11.3.rel1.win32_1.1.1.202309131626/tools/bin/../lib/gcc/arm-none-eabi/11.3.1/../../../../arm-none-eabi/lib/thumb/v7e-m+fp/hard\libc_nano.a(libc_a-vsprintf.o)
 .ARM.attributes
                0x0000000000000317       0x34 D:/ST/STM32CubeIDE_1.13.2/STM32CubeIDE/plugins/com.st.stm32cube.ide.mcu.externaltools.gnu-tools-for-stm32.11.3.rel1.win32_1.1.1.202309131626/tools/bin/../lib/gcc/arm-none-eabi/11.3.1/../../../../arm-none-eabi/lib/thumb/v7e-m+fp/hard\libc_nano.a(libc_a-reent.o)
 .ARM.attributes
                0x000000000000034b       0x34 D:/ST/STM32CubeIDE_1.13.2/STM32CubeIDE/plugins/com.st.stm32cube.ide.mcu.externaltools.gnu-tools-for-stm32.11.3.rel1.win32_1.1.1.202309131626/tools/bin/../lib/gcc/arm-none-eabi/11.3.1/../../../../arm-none-eabi/lib/thumb/v7e-m+fp/hard\libc_nano.a(libc_a-impure.o)
 .ARM.attributes
                0x000000000000037f       0x34 D:/ST/STM32CubeIDE_1.13.2/STM32CubeIDE/plugins/com.st.stm32cube.ide.mcu.externaltools.gnu-tools-for-stm32.11.3.rel1.win32_1.1.1.202309131626/tools/bin/../lib/gcc/arm-none-eabi/11.3.1/../../../../arm-none-eabi/lib/thumb/v7e-m+fp/hard\libc_nano.a(libc_a-errno.o)
 .ARM.attributes
                0x00000000000003b3       0x34 D:/ST/STM32CubeIDE_1.13.2/STM32CubeIDE/plugins/com.st.stm32cube.ide.mcu.externaltools.gnu-tools-for-stm32.11.3.rel1.win32_1.1.1.202309131626/tools/bin/../lib/gcc/arm-none-eabi/11.3.1/../../../../arm-none-eabi/lib/thumb/v7e-m+fp/hard\libc_nano.a(libc_a-init.o)
 .ARM.attributes
                0x00000000000003e7       0x34 D:/ST/STM32CubeIDE_1.13.2/STM32CubeIDE/plugins/com.st.stm32cube.ide.mcu.externaltools.gnu-tools-for-stm32.11.3.rel1.win32_1.1.1.202309131626/tools/bin/../lib/gcc/arm-none-eabi/11.3.1/../../../../arm-none-eabi/lib/thumb/v7e-m+fp/hard\libc_nano.a(libc_a-lock.o)
 .ARM.attributes
                0x000000000000041b       0x17 D:/ST/STM32CubeIDE_1.13.2/STM32CubeIDE/plugins/com.st.stm32cube.ide.mcu.externaltools.gnu-tools-for-stm32.11.3.rel1.win32_1.1.1.202309131626/tools/bin/../lib/gcc/arm-none-eabi/11.3.1/../../../../arm-none-eabi/lib/thumb/v7e-m+fp/hard\libc_nano.a(libc_a-strlen.o)
 .ARM.attributes
                0x0000000000000432       0x34 D:/ST/STM32CubeIDE_1.13.2/STM32CubeIDE/plugins/com.st.stm32cube.ide.mcu.externaltools.gnu-tools-for-stm32.11.3.rel1.win32_1.1.1.202309131626/tools/bin/../lib/gcc/arm-none-eabi/11.3.1/../../../../arm-none-eabi/lib/thumb/v7e-m+fp/hard\libc_nano.a(libc_a-freer.o)
 .ARM.attributes
                0x0000000000000466       0x34 D:/ST/STM32CubeIDE_1.13.2/STM32CubeIDE/plugins/com.st.stm32cube.ide.mcu.externaltools.gnu-tools-for-stm32.11.3.rel1.win32_1.1.1.202309131626/tools/bin/../lib/gcc/arm-none-eabi/11.3.1/../../../../arm-none-eabi/lib/thumb/v7e-m+fp/hard\libc_nano.a(libc_a-mallocr.o)
 .ARM.attributes
                0x000000000000049a       0x34 D:/ST/STM32CubeIDE_1.13.2/STM32CubeIDE/plugins/com.st.stm32cube.ide.mcu.externaltools.gnu-tools-for-stm32.11.3.rel1.win32_1.1.1.202309131626/tools/bin/../lib/gcc/arm-none-eabi/11.3.1/../../../../arm-none-eabi/lib/thumb/v7e-m+fp/hard\libc_nano.a(libc_a-mlock.o)
 .ARM.attributes
                0x00000000000004ce       0x34 D:/ST/STM32CubeIDE_1.13.2/STM32CubeIDE/plugins/com.st.stm32cube.ide.mcu.externaltools.gnu-tools-for-stm32.11.3.rel1.win32_1.1.1.202309131626/tools/bin/../lib/gcc/arm-none-eabi/11.3.1/../../../../arm-none-eabi/lib/thumb/v7e-m+fp/hard\libc_nano.a(libc_a-nano-svfprintf.o)
 .ARM.attributes
                0x0000000000000502       0x34 D:/ST/STM32CubeIDE_1.13.2/STM32CubeIDE/plugins/com.st.stm32cube.ide.mcu.externaltools.gnu-tools-for-stm32.11.3.rel1.win32_1.1.1.202309131626/tools/bin/../lib/gcc/arm-none-eabi/11.3.1/../../../../arm-none-eabi/lib/thumb/v7e-m+fp/hard\libc_nano.a(libc_a-nano-vfprintf_i.o)
 .ARM.attributes
                0x0000000000000536       0x34 D:/ST/STM32CubeIDE_1.13.2/STM32CubeIDE/plugins/com.st.stm32cube.ide.mcu.externaltools.gnu-tools-for-stm32.11.3.rel1.win32_1.1.1.202309131626/tools/bin/../lib/gcc/arm-none-eabi/11.3.1/../../../../arm-none-eabi/lib/thumb/v7e-m+fp/hard\libc_nano.a(libc_a-memmove.o)
 .ARM.attributes
                0x000000000000056a       0x34 D:/ST/STM32CubeIDE_1.13.2/STM32CubeIDE/plugins/com.st.stm32cube.ide.mcu.externaltools.gnu-tools-for-stm32.11.3.rel1.win32_1.1.1.202309131626/tools/bin/../lib/gcc/arm-none-eabi/11.3.1/../../../../arm-none-eabi/lib/thumb/v7e-m+fp/hard\libc_nano.a(libc_a-sbrkr.o)
 .ARM.attributes
                0x000000000000059e       0x1c D:/ST/STM32CubeIDE_1.13.2/STM32CubeIDE/plugins/com.st.stm32cube.ide.mcu.externaltools.gnu-tools-for-stm32.11.3.rel1.win32_1.1.1.202309131626/tools/bin/../lib/gcc/arm-none-eabi/11.3.1/../../../../arm-none-eabi/lib/thumb/v7e-m+fp/hard\libc_nano.a(libc_a-memchr.o)
 .ARM.attributes
                0x00000000000005ba       0x34 D:/ST/STM32CubeIDE_1.13.2/STM32CubeIDE/plugins/com.st.stm32cube.ide.mcu.externaltools.gnu-tools-for-stm32.11.3.rel1.win32_1.1.1.202309131626/tools/bin/../lib/gcc/arm-none-eabi/11.3.1/../../../../arm-none-eabi/lib/thumb/v7e-m+fp/hard\libc_nano.a(libc_a-memcpy-stub.o)
 .ARM.attributes
                0x00000000000005ee       0x34 D:/ST/STM32CubeIDE_1.13.2/STM32CubeIDE/plugins/com.st.stm32cube.ide.mcu.externaltools.gnu-tools-for-stm32.11.3.rel1.win32_1.1.1.202309131626/tools/bin/../lib/gcc/arm-none-eabi/11.3.1/../../../../arm-none-eabi/lib/thumb/v7e-m+fp/hard\libc_nano.a(libc_a-reallocr.o)
 .ARM.attributes
                0x0000000000000622       0x34 D:/ST/STM32CubeIDE_1.13.2/STM32CubeIDE/plugins/com.st.stm32cube.ide.mcu.externaltools.gnu-tools-for-stm32.11.3.rel1.win32_1.1.1.202309131626/tools/bin/../lib/gcc/arm-none-eabi/11.3.1/../../../../arm-none-eabi/lib/thumb/v7e-m+fp/hard\libc_nano.a(libc_a-msizer.o)
 .ARM.attributes
                0x0000000000000656       0x1e D:/ST/STM32CubeIDE_1.13.2/STM32CubeIDE/plugins/com.st.stm32cube.ide.mcu.externaltools.gnu-tools-for-stm32.11.3.rel1.win32_1.1.1.202309131626/tools/bin/../lib/gcc/arm-none-eabi/11.3.1/thumb/v7e-m+fp/hard/crtn.o
OUTPUT(W5500_Driver.elf elf32-littlearm)
LOAD linker stubs
LOAD D:/ST/STM32CubeIDE_1.13.2/STM32CubeIDE/plugins/com.st.stm32cube.ide.mcu.externaltools.gnu-tools-for-stm32.11.3.rel1.win32_1.1.1.202309131626/tools/bin/../lib/gcc/arm-none-eabi/11.3.1/../../../../arm-none-eabi/lib/thumb/v7e-m+fp/hard\libc.a
LOAD D:/ST/STM32CubeIDE_1.13.2/STM32CubeIDE/plugins/com.st.stm32cube.ide.mcu.externaltools.gnu-tools-for-stm32.11.3.rel1.win32_1.1.1.202309131626/tools/bin/../lib/gcc/arm-none-eabi/11.3.1/../../../../arm-none-eabi/lib/thumb/v7e-m+fp/hard\libm.a
LOAD D:/ST/STM32CubeIDE_1.13.2/STM32CubeIDE/plugins/com.st.stm32cube.ide.mcu.externaltools.gnu-tools-for-stm32.11.3.rel1.win32_1.1.1.202309131626/tools/bin/../lib/gcc/arm-none-eabi/11.3.1/thumb/v7e-m+fp/hard\libgcc.a

.comment        0x0000000000000000       0x43
 .comment       0x0000000000000000       0x43 D:/ST/STM32CubeIDE_1.13.2/STM32CubeIDE/plugins/com.st.stm32cube.ide.mcu.externaltools.gnu-tools-for-stm32.11.3.rel1.win32_1.1.1.202309131626/tools/bin/../lib/gcc/arm-none-eabi/11.3.1/thumb/v7e-m+fp/hard/crtbegin.o
                                         0x44 (size before relaxing)
 .comment       0x0000000000000043       0x44 ./Console/Console.o
 .comment       0x0000000000000043       0x44 ./GPIO/GPIO.o
 .comment       0x0000000000000043       0x44 ./SPI/SPI.o
 .comment       0x0000000000000043       0x44 ./Src/main.o
 .comment       0x0000000000000043       0x44 ./Src/sysmem.o
 .comment       0x0000000000000043       0x44 ./Src/system_stm32f4xx.o
 .comment       0x0000000000000043       0x44 ./USART/USART.o
 .comment       0x0000000000000043       0x44 ./W5500/W5500.o
 .comment       0x0000000000000043       0x44 ./W5500/W5500_HAL.o
 .comment       0x0000000000000043       0x44 ./W5500/W5500_LL.o
 .comment       0x0000000000000043       0x44 ./W5500/W5500_UDP.o

.debug_info     0x0000000000000000     0xe4dd
 .debug_info    0x0000000000000000      0xff3 ./Console/Console.o
 .debug_info    0x0000000000000ff3      0xdf1 ./GPIO/GPIO.o
 .debug_info    0x0000000000001de4     0x115b ./SPI/SPI.o
 .debug_info    0x0000000000002f3f     0x2b78 ./Src/main.o
 .debug_info    0x0000000000005ab7      0x168 ./Src/sysmem.o
 .debug_info    0x0000000000005c1f      0x50b ./Src/system_stm32f4xx.o
 .debug_info    0x000000000000612a       0x23 ./Startup/startup_stm32f407vetx.o
 .debug_info    0x000000000000614d     0x1255 ./USART/USART.o
 .debug_info    0x00000000000073a2     0x1ee5 ./W5500/W5500.o
 .debug_info    0x0000000000009287     0x1bd5 ./W5500/W5500_HAL.o
 .debug_info    0x000000000000ae5c     0x1ad7 ./W5500/W5500_LL.o
 .debug_info    0x000000000000c933     0x1baa ./W5500/W5500_UDP.o

.debug_abbrev   0x0000000000000000     0x1483
 .debug_abbrev  0x0000000000000000      0x1e9 ./Console/Console.o
 .debug_abbrev  0x00000000000001e9      0x20f ./GPIO/GPIO.o
 .debug_abbrev  0x00000000000003f8      0x20a ./SPI/SPI.o
 .debug_abbrev  0x0000000000000602      0x2d9 ./Src/main.o
 .debug_abbrev  0x00000000000008db       0xbc ./Src/sysmem.o
 .debug_abbrev  0x0000000000000997      0x11a ./Src/system_stm32f4xx.o
 .debug_abbrev  0x0000000000000ab1       0x12 ./Startup/startup_stm32f407vetx.o
 .debug_abbrev  0x0000000000000ac3      0x208 ./USART/USART.o
 .debug_abbrev  0x0000000000000ccb      0x27d ./W5500/W5500.o
 .debug_abbrev  0x0000000000000f48      0x1af ./W5500/W5500_HAL.o
 .debug_abbrev  0x00000000000010f7      0x1ae ./W5500/W5500_LL.o
 .debug_abbrev  0x00000000000012a5      0x1de ./W5500/W5500_UDP.o

.debug_aranges  0x0000000000000000      0x3c8
 .debug_aranges
                0x0000000000000000       0x38 ./Console/Console.o
 .debug_aranges
                0x0000000000000038       0x58 ./GPIO/GPIO.o
 .debug_aranges
                0x0000000000000090       0x68 ./SPI/SPI.o
 .debug_aranges
                0x00000000000000f8       0x50 ./Src/main.o
 .debug_aranges
                0x0000000000000148       0x20 ./Src/sysmem.o
 .debug_aranges
                0x0000000000000168       0x28 ./Src/system_stm32f4xx.o
 .debug_aranges
                0x0000000000000190       0x28 ./Startup/startup_stm32f407vetx.o
 .debug_aranges
                0x00000000000001b8       0x60 ./USART/USART.o
 .debug_aranges
                0x0000000000000218       0x78 ./W5500/W5500.o
 .debug_aranges
                0x0000000000000290       0x98 ./W5500/W5500_HAL.o
 .debug_aranges
                0x0000000000000328       0x60 ./W5500/W5500_LL.o
 .debug_aranges
                0x0000000000000388       0x40 ./W5500/W5500_UDP.o

.debug_rnglists
                0x0000000000000000      0x3a4
 .debug_rnglists
                0x0000000000000000       0x26 ./Console/Console.o
 .debug_rnglists
                0x0000000000000026       0x41 ./GPIO/GPIO.o
 .debug_rnglists
                0x0000000000000067       0x4c ./SPI/SPI.o
 .debug_rnglists
                0x00000000000000b3       0x39 ./Src/main.o
 .debug_rnglists
                0x00000000000000ec       0x13 ./Src/sysmem.o
 .debug_rnglists
                0x00000000000000ff       0x1a ./Src/system_stm32f4xx.o
 .debug_rnglists
                0x0000000000000119       0x19 ./Startup/startup_stm32f407vetx.o
 .debug_rnglists
                0x0000000000000132       0x47 ./USART/USART.o
 .debug_rnglists
                0x0000000000000179      0x121 ./W5500/W5500.o
 .debug_rnglists
                0x000000000000029a       0x6f ./W5500/W5500_HAL.o
 .debug_rnglists
                0x0000000000000309       0x48 ./W5500/W5500_LL.o
 .debug_rnglists
                0x0000000000000351       0x53 ./W5500/W5500_UDP.o

.debug_macro    0x0000000000000000    0x1ae62
 .debug_macro   0x0000000000000000      0x287 ./Console/Console.o
 .debug_macro   0x0000000000000287      0xaae ./Console/Console.o
 .debug_macro   0x0000000000000d35       0x2f ./Console/Console.o
 .debug_macro   0x0000000000000d64       0x22 ./Console/Console.o
 .debug_macro   0x0000000000000d86       0x8e ./Console/Console.o
 .debug_macro   0x0000000000000e14       0x51 ./Console/Console.o
 .debug_macro   0x0000000000000e65      0x103 ./Console/Console.o
 .debug_macro   0x0000000000000f68       0x6a ./Console/Console.o
 .debug_macro   0x0000000000000fd2      0x1df ./Console/Console.o
 .debug_macro   0x00000000000011b1       0x1c ./Console/Console.o
 .debug_macro   0x00000000000011cd       0x22 ./Console/Console.o
 .debug_macro   0x00000000000011ef       0xd9 ./Console/Console.o
 .debug_macro   0x00000000000012c8     0x102d ./Console/Console.o
 .debug_macro   0x00000000000022f5      0x11f ./Console/Console.o
 .debug_macro   0x0000000000002414    0x15e89 ./Console/Console.o
 .debug_macro   0x000000000001829d       0x97 ./Console/Console.o
 .debug_macro   0x0000000000018334       0x61 ./Console/Console.o
 .debug_macro   0x0000000000018395       0x2a ./Console/Console.o
 .debug_macro   0x00000000000183bf       0x43 ./Console/Console.o
 .debug_macro   0x0000000000018402       0x34 ./Console/Console.o
 .debug_macro   0x0000000000018436       0x16 ./Console/Console.o
 .debug_macro   0x000000000001844c       0x97 ./Console/Console.o
 .debug_macro   0x00000000000184e3      0x369 ./Console/Console.o
 .debug_macro   0x000000000001884c       0xfd ./Console/Console.o
 .debug_macro   0x0000000000018949       0x10 ./Console/Console.o
 .debug_macro   0x0000000000018959       0x16 ./Console/Console.o
 .debug_macro   0x000000000001896f       0x43 ./Console/Console.o
 .debug_macro   0x00000000000189b2       0x34 ./Console/Console.o
 .debug_macro   0x00000000000189e6       0x10 ./Console/Console.o
 .debug_macro   0x00000000000189f6       0x58 ./Console/Console.o
 .debug_macro   0x0000000000018a4e       0x8e ./Console/Console.o
 .debug_macro   0x0000000000018adc       0x1c ./Console/Console.o
 .debug_macro   0x0000000000018af8      0x177 ./Console/Console.o
 .debug_macro   0x0000000000018c6f       0x16 ./Console/Console.o
 .debug_macro   0x0000000000018c85       0x16 ./Console/Console.o
 .debug_macro   0x0000000000018c9b      0x147 ./Console/Console.o
 .debug_macro   0x0000000000018de2      0x19b ./Console/Console.o
 .debug_macro   0x0000000000018f7d       0x10 ./Console/Console.o
 .debug_macro   0x0000000000018f8d       0x35 ./Console/Console.o
 .debug_macro   0x0000000000018fc2      0x460 ./Console/Console.o
 .debug_macro   0x0000000000019422       0x16 ./Console/Console.o
 .debug_macro   0x0000000000019438       0x20 ./Console/Console.o
 .debug_macro   0x0000000000019458       0x16 ./Console/Console.o
 .debug_macro   0x000000000001946e       0x16 ./Console/Console.o
 .debug_macro   0x0000000000019484       0x29 ./Console/Console.o
 .debug_macro   0x00000000000194ad       0x4c ./Console/Console.o
 .debug_macro   0x00000000000194f9       0x22 ./Console/Console.o
 .debug_macro   0x000000000001951b      0x269 ./GPIO/GPIO.o
 .debug_macro   0x0000000000019784      0x27d ./SPI/SPI.o
 .debug_macro   0x0000000000019a01      0x2ae ./Src/main.o
 .debug_macro   0x0000000000019caf       0xff ./Src/sysmem.o
 .debug_macro   0x0000000000019dae      0x23c ./Src/sysmem.o
 .debug_macro   0x0000000000019fea       0xda ./Src/system_stm32f4xx.o
 .debug_macro   0x000000000001a0c4       0x2e ./Src/system_stm32f4xx.o
 .debug_macro   0x000000000001a0f2       0x6d ./Src/system_stm32f4xx.o
 .debug_macro   0x000000000001a15f      0x27d ./USART/USART.o
 .debug_macro   0x000000000001a3dc      0x2a4 ./W5500/W5500.o
 .debug_macro   0x000000000001a680      0x2a4 ./W5500/W5500_HAL.o
 .debug_macro   0x000000000001a924      0x29a ./W5500/W5500_LL.o
 .debug_macro   0x000000000001abbe      0x2a4 ./W5500/W5500_UDP.o

.debug_line     0x0000000000000000     0x7d1e
 .debug_line    0x0000000000000000      0x81e ./Console/Console.o
 .debug_line    0x000000000000081e      0x8f1 ./GPIO/GPIO.o
 .debug_line    0x000000000000110f     0x13c2 ./SPI/SPI.o
 .debug_line    0x00000000000024d1      0x9f3 ./Src/main.o
 .debug_line    0x0000000000002ec4      0x574 ./Src/sysmem.o
 .debug_line    0x0000000000003438      0x52e ./Src/system_stm32f4xx.o
 .debug_line    0x0000000000003966       0x7b ./Startup/startup_stm32f407vetx.o
 .debug_line    0x00000000000039e1     0x152f ./USART/USART.o
 .debug_line    0x0000000000004f10     0x1048 ./W5500/W5500.o
 .debug_line    0x0000000000005f58      0xa0d ./W5500/W5500_HAL.o
 .debug_line    0x0000000000006965      0x931 ./W5500/W5500_LL.o
 .debug_line    0x0000000000007296      0xa88 ./W5500/W5500_UDP.o

.debug_str      0x0000000000000000    0x8fd6f
 .debug_str     0x0000000000000000    0x8da64 ./Console/Console.o
                                      0x8dd5c (size before relaxing)
 .debug_str     0x000000000008da64      0x770 ./GPIO/GPIO.o
                                      0x8e045 (size before relaxing)
 .debug_str     0x000000000008e1d4      0x44d ./SPI/SPI.o
                                      0x8deb9 (size before relaxing)
 .debug_str     0x000000000008e621      0xb61 ./Src/main.o
                                      0x8f316 (size before relaxing)
 .debug_str     0x000000000008f182      0x4d7 ./Src/sysmem.o
                                       0x6049 (size before relaxing)
 .debug_str     0x000000000008f659       0x99 ./Src/system_stm32f4xx.o
                                      0x882c5 (size before relaxing)
 .debug_str     0x000000000008f6f2       0x2f ./Startup/startup_stm32f407vetx.o
                                         0x58 (size before relaxing)
 .debug_str     0x000000000008f721       0xa7 ./USART/USART.o
                                      0x8de9a (size before relaxing)
 .debug_str     0x000000000008f7c8      0x2d4 ./W5500/W5500.o
                                      0x8eaa8 (size before relaxing)
 .debug_str     0x000000000008fa9c      0x243 ./W5500/W5500_HAL.o
                                      0x8e9f8 (size before relaxing)
 .debug_str     0x000000000008fcdf       0x42 ./W5500/W5500_LL.o
                                      0x8e7e7 (size before relaxing)
 .debug_str     0x000000000008fd21       0x4e ./W5500/W5500_UDP.o
                                      0x8e97b (size before relaxing)

.debug_frame    0x0000000000000000     0x1260
 .debug_frame   0x0000000000000000       0xc4 ./Console/Console.o
 .debug_frame   0x00000000000000c4      0x148 ./GPIO/GPIO.o
 .debug_frame   0x000000000000020c      0x19c ./SPI/SPI.o
 .debug_frame   0x00000000000003a8      0x114 ./Src/main.o
 .debug_frame   0x00000000000004bc       0x34 ./Src/sysmem.o
 .debug_frame   0x00000000000004f0       0x58 ./Src/system_stm32f4xx.o
 .debug_frame   0x0000000000000548      0x178 ./USART/USART.o
 .debug_frame   0x00000000000006c0      0x1d4 ./W5500/W5500.o
 .debug_frame   0x0000000000000894      0x270 ./W5500/W5500_HAL.o
 .debug_frame   0x0000000000000b04      0x154 ./W5500/W5500_LL.o
 .debug_frame   0x0000000000000c58       0xd4 ./W5500/W5500_UDP.o
 .debug_frame   0x0000000000000d2c      0x144 D:/ST/STM32CubeIDE_1.13.2/STM32CubeIDE/plugins/com.st.stm32cube.ide.mcu.externaltools.gnu-tools-for-stm32.11.3.rel1.win32_1.1.1.202309131626/tools/bin/../lib/gcc/arm-none-eabi/11.3.1/../../../../arm-none-eabi/lib/thumb/v7e-m+fp/hard\libc_nano.a(libc_a-findfp.o)
 .debug_frame   0x0000000000000e70       0x3c D:/ST/STM32CubeIDE_1.13.2/STM32CubeIDE/plugins/com.st.stm32cube.ide.mcu.externaltools.gnu-tools-for-stm32.11.3.rel1.win32_1.1.1.202309131626/tools/bin/../lib/gcc/arm-none-eabi/11.3.1/../../../../arm-none-eabi/lib/thumb/v7e-m+fp/hard\libc_nano.a(libc_a-vsprintf.o)
 .debug_frame   0x0000000000000eac       0x38 D:/ST/STM32CubeIDE_1.13.2/STM32CubeIDE/plugins/com.st.stm32cube.ide.mcu.externaltools.gnu-tools-for-stm32.11.3.rel1.win32_1.1.1.202309131626/tools/bin/../lib/gcc/arm-none-eabi/11.3.1/../../../../arm-none-eabi/lib/thumb/v7e-m+fp/hard\libc_nano.a(libc_a-reent.o)
 .debug_frame   0x0000000000000ee4       0x20 D:/ST/STM32CubeIDE_1.13.2/STM32CubeIDE/plugins/com.st.stm32cube.ide.mcu.externaltools.gnu-tools-for-stm32.11.3.rel1.win32_1.1.1.202309131626/tools/bin/../lib/gcc/arm-none-eabi/11.3.1/../../../../arm-none-eabi/lib/thumb/v7e-m+fp/hard\libc_nano.a(libc_a-errno.o)
 .debug_frame   0x0000000000000f04       0x2c D:/ST/STM32CubeIDE_1.13.2/STM32CubeIDE/plugins/com.st.stm32cube.ide.mcu.externaltools.gnu-tools-for-stm32.11.3.rel1.win32_1.1.1.202309131626/tools/bin/../lib/gcc/arm-none-eabi/11.3.1/../../../../arm-none-eabi/lib/thumb/v7e-m+fp/hard\libc_nano.a(libc_a-init.o)
 .debug_frame   0x0000000000000f30       0xb0 D:/ST/STM32CubeIDE_1.13.2/STM32CubeIDE/plugins/com.st.stm32cube.ide.mcu.externaltools.gnu-tools-for-stm32.11.3.rel1.win32_1.1.1.202309131626/tools/bin/../lib/gcc/arm-none-eabi/11.3.1/../../../../arm-none-eabi/lib/thumb/v7e-m+fp/hard\libc_nano.a(libc_a-lock.o)
 .debug_frame   0x0000000000000fe0       0x38 D:/ST/STM32CubeIDE_1.13.2/STM32CubeIDE/plugins/com.st.stm32cube.ide.mcu.externaltools.gnu-tools-for-stm32.11.3.rel1.win32_1.1.1.202309131626/tools/bin/../lib/gcc/arm-none-eabi/11.3.1/../../../../arm-none-eabi/lib/thumb/v7e-m+fp/hard\libc_nano.a(libc_a-freer.o)
 .debug_frame   0x0000000000001018       0x50 D:/ST/STM32CubeIDE_1.13.2/STM32CubeIDE/plugins/com.st.stm32cube.ide.mcu.externaltools.gnu-tools-for-stm32.11.3.rel1.win32_1.1.1.202309131626/tools/bin/../lib/gcc/arm-none-eabi/11.3.1/../../../../arm-none-eabi/lib/thumb/v7e-m+fp/hard\libc_nano.a(libc_a-mallocr.o)
 .debug_frame   0x0000000000001068       0x30 D:/ST/STM32CubeIDE_1.13.2/STM32CubeIDE/plugins/com.st.stm32cube.ide.mcu.externaltools.gnu-tools-for-stm32.11.3.rel1.win32_1.1.1.202309131626/tools/bin/../lib/gcc/arm-none-eabi/11.3.1/../../../../arm-none-eabi/lib/thumb/v7e-m+fp/hard\libc_nano.a(libc_a-mlock.o)
 .debug_frame   0x0000000000001098       0x90 D:/ST/STM32CubeIDE_1.13.2/STM32CubeIDE/plugins/com.st.stm32cube.ide.mcu.externaltools.gnu-tools-for-stm32.11.3.rel1.win32_1.1.1.202309131626/tools/bin/../lib/gcc/arm-none-eabi/11.3.1/../../../../arm-none-eabi/lib/thumb/v7e-m+fp/hard\libc_nano.a(libc_a-nano-svfprintf.o)
 .debug_frame   0x0000000000001128       0x60 D:/ST/STM32CubeIDE_1.13.2/STM32CubeIDE/plugins/com.st.stm32cube.ide.mcu.externaltools.gnu-tools-for-stm32.11.3.rel1.win32_1.1.1.202309131626/tools/bin/../lib/gcc/arm-none-eabi/11.3.1/../../../../arm-none-eabi/lib/thumb/v7e-m+fp/hard\libc_nano.a(libc_a-nano-vfprintf_i.o)
 .debug_frame   0x0000000000001188       0x28 D:/ST/STM32CubeIDE_1.13.2/STM32CubeIDE/plugins/com.st.stm32cube.ide.mcu.externaltools.gnu-tools-for-stm32.11.3.rel1.win32_1.1.1.202309131626/tools/bin/../lib/gcc/arm-none-eabi/11.3.1/../../../../arm-none-eabi/lib/thumb/v7e-m+fp/hard\libc_nano.a(libc_a-memmove.o)
 .debug_frame   0x00000000000011b0       0x2c D:/ST/STM32CubeIDE_1.13.2/STM32CubeIDE/plugins/com.st.stm32cube.ide.mcu.externaltools.gnu-tools-for-stm32.11.3.rel1.win32_1.1.1.202309131626/tools/bin/../lib/gcc/arm-none-eabi/11.3.1/../../../../arm-none-eabi/lib/thumb/v7e-m+fp/hard\libc_nano.a(libc_a-sbrkr.o)
 .debug_frame   0x00000000000011dc       0x28 D:/ST/STM32CubeIDE_1.13.2/STM32CubeIDE/plugins/com.st.stm32cube.ide.mcu.externaltools.gnu-tools-for-stm32.11.3.rel1.win32_1.1.1.202309131626/tools/bin/../lib/gcc/arm-none-eabi/11.3.1/../../../../arm-none-eabi/lib/thumb/v7e-m+fp/hard\libc_nano.a(libc_a-memcpy-stub.o)
 .debug_frame   0x0000000000001204       0x3c D:/ST/STM32CubeIDE_1.13.2/STM32CubeIDE/plugins/com.st.stm32cube.ide.mcu.externaltools.gnu-tools-for-stm32.11.3.rel1.win32_1.1.1.202309131626/tools/bin/../lib/gcc/arm-none-eabi/11.3.1/../../../../arm-none-eabi/lib/thumb/v7e-m+fp/hard\libc_nano.a(libc_a-reallocr.o)
 .debug_frame   0x0000000000001240       0x20 D:/ST/STM32CubeIDE_1.13.2/STM32CubeIDE/plugins/com.st.stm32cube.ide.mcu.externaltools.gnu-tools-for-stm32.11.3.rel1.win32_1.1.1.202309131626/tools/bin/../lib/gcc/arm-none-eabi/11.3.1/../../../../arm-none-eabi/lib/thumb/v7e-m+fp/hard\libc_nano.a(libc_a-msizer.o)

.debug_line_str
                0x0000000000000000       0x4c
 .debug_line_str
                0x0000000000000000       0x4c ./Startup/startup_stm32f407vetx.o
                                         0x64 (size before relaxing)
