Archive member included to satisfy reference by file (symbol)

D:/ST/STM32CubeIDE_1.13.2/STM32CubeIDE/plugins/com.st.stm32cube.ide.mcu.externaltools.gnu-tools-for-stm32.12.3.rel1.win32_1.0.100.202403111256/tools/bin/../lib/gcc/arm-none-eabi/12.3.1/../../../../arm-none-eabi/lib/thumb/v7e-m+fp/hard\libc_nano.a(libc_a-exit.o)
                              D:/ST/STM32CubeIDE_1.13.2/STM32CubeIDE/plugins/com.st.stm32cube.ide.mcu.externaltools.gnu-tools-for-stm32.12.3.rel1.win32_1.0.100.202403111256/tools/bin/../lib/gcc/arm-none-eabi/12.3.1/../../../../arm-none-eabi/lib/thumb/v7e-m+fp/hard/crt0.o (exit)
D:/ST/STM32CubeIDE_1.13.2/STM32CubeIDE/plugins/com.st.stm32cube.ide.mcu.externaltools.gnu-tools-for-stm32.12.3.rel1.win32_1.0.100.202403111256/tools/bin/../lib/gcc/arm-none-eabi/12.3.1/../../../../arm-none-eabi/lib/thumb/v7e-m+fp/hard\libc_nano.a(libc_a-nano-vfprintf.o)
                              ./Driver/Logs/Logs.o (vfprintf)
D:/ST/STM32CubeIDE_1.13.2/STM32CubeIDE/plugins/com.st.stm32cube.ide.mcu.externaltools.gnu-tools-for-stm32.12.3.rel1.win32_1.0.100.202403111256/tools/bin/../lib/gcc/arm-none-eabi/12.3.1/../../../../arm-none-eabi/lib/thumb/v7e-m+fp/hard\libc_nano.a(libc_a-nano-vfprintf_i.o)
                              D:/ST/STM32CubeIDE_1.13.2/STM32CubeIDE/plugins/com.st.stm32cube.ide.mcu.externaltools.gnu-tools-for-stm32.12.3.rel1.win32_1.0.100.202403111256/tools/bin/../lib/gcc/arm-none-eabi/12.3.1/../../../../arm-none-eabi/lib/thumb/v7e-m+fp/hard\libc_nano.a(libc_a-nano-vfprintf.o) (_printf_i)
D:/ST/STM32CubeIDE_1.13.2/STM32CubeIDE/plugins/com.st.stm32cube.ide.mcu.externaltools.gnu-tools-for-stm32.12.3.rel1.win32_1.0.100.202403111256/tools/bin/../lib/gcc/arm-none-eabi/12.3.1/../../../../arm-none-eabi/lib/thumb/v7e-m+fp/hard\libc_nano.a(libc_a-findfp.o)
                              D:/ST/STM32CubeIDE_1.13.2/STM32CubeIDE/plugins/com.st.stm32cube.ide.mcu.externaltools.gnu-tools-for-stm32.12.3.rel1.win32_1.0.100.202403111256/tools/bin/../lib/gcc/arm-none-eabi/12.3.1/../../../../arm-none-eabi/lib/thumb/v7e-m+fp/hard\libc_nano.a(libc_a-exit.o) (__stdio_exit_handler)
D:/ST/STM32CubeIDE_1.13.2/STM32CubeIDE/plugins/com.st.stm32cube.ide.mcu.externaltools.gnu-tools-for-stm32.12.3.rel1.win32_1.0.100.202403111256/tools/bin/../lib/gcc/arm-none-eabi/12.3.1/../../../../arm-none-eabi/lib/thumb/v7e-m+fp/hard\libc_nano.a(libc_a-fvwrite.o)
                              D:/ST/STM32CubeIDE_1.13.2/STM32CubeIDE/plugins/com.st.stm32cube.ide.mcu.externaltools.gnu-tools-for-stm32.12.3.rel1.win32_1.0.100.202403111256/tools/bin/../lib/gcc/arm-none-eabi/12.3.1/../../../../arm-none-eabi/lib/thumb/v7e-m+fp/hard\libc_nano.a(libc_a-nano-vfprintf.o) (__sfvwrite_r)
D:/ST/STM32CubeIDE_1.13.2/STM32CubeIDE/plugins/com.st.stm32cube.ide.mcu.externaltools.gnu-tools-for-stm32.12.3.rel1.win32_1.0.100.202403111256/tools/bin/../lib/gcc/arm-none-eabi/12.3.1/../../../../arm-none-eabi/lib/thumb/v7e-m+fp/hard\libc_nano.a(libc_a-fwalk.o)
                              D:/ST/STM32CubeIDE_1.13.2/STM32CubeIDE/plugins/com.st.stm32cube.ide.mcu.externaltools.gnu-tools-for-stm32.12.3.rel1.win32_1.0.100.202403111256/tools/bin/../lib/gcc/arm-none-eabi/12.3.1/../../../../arm-none-eabi/lib/thumb/v7e-m+fp/hard\libc_nano.a(libc_a-findfp.o) (_fwalk_sglue)
D:/ST/STM32CubeIDE_1.13.2/STM32CubeIDE/plugins/com.st.stm32cube.ide.mcu.externaltools.gnu-tools-for-stm32.12.3.rel1.win32_1.0.100.202403111256/tools/bin/../lib/gcc/arm-none-eabi/12.3.1/../../../../arm-none-eabi/lib/thumb/v7e-m+fp/hard\libc_nano.a(libc_a-printf.o)
                              ./Driver/Logs/Logs.o (printf)
D:/ST/STM32CubeIDE_1.13.2/STM32CubeIDE/plugins/com.st.stm32cube.ide.mcu.externaltools.gnu-tools-for-stm32.12.3.rel1.win32_1.0.100.202403111256/tools/bin/../lib/gcc/arm-none-eabi/12.3.1/../../../../arm-none-eabi/lib/thumb/v7e-m+fp/hard\libc_nano.a(libc_a-putchar.o)
                              ./Driver/Logs/Logs.o (putchar)
D:/ST/STM32CubeIDE_1.13.2/STM32CubeIDE/plugins/com.st.stm32cube.ide.mcu.externaltools.gnu-tools-for-stm32.12.3.rel1.win32_1.0.100.202403111256/tools/bin/../lib/gcc/arm-none-eabi/12.3.1/../../../../arm-none-eabi/lib/thumb/v7e-m+fp/hard\libc_nano.a(libc_a-puts.o)
                              ./Driver/Logs/Logs.o (puts)
D:/ST/STM32CubeIDE_1.13.2/STM32CubeIDE/plugins/com.st.stm32cube.ide.mcu.externaltools.gnu-tools-for-stm32.12.3.rel1.win32_1.0.100.202403111256/tools/bin/../lib/gcc/arm-none-eabi/12.3.1/../../../../arm-none-eabi/lib/thumb/v7e-m+fp/hard\libc_nano.a(libc_a-stdio.o)
                              D:/ST/STM32CubeIDE_1.13.2/STM32CubeIDE/plugins/com.st.stm32cube.ide.mcu.externaltools.gnu-tools-for-stm32.12.3.rel1.win32_1.0.100.202403111256/tools/bin/../lib/gcc/arm-none-eabi/12.3.1/../../../../arm-none-eabi/lib/thumb/v7e-m+fp/hard\libc_nano.a(libc_a-findfp.o) (__sread)
[...]
Memory Configuration

Name             Origin             Length             Attributes
CCMRAM           0x10000000         0x00010000         xrw
RAM              0x20000000         0x00020000         xrw
FLASH            0x08000000         0x00100000         xr
*default*        0x00000000         0xffffffff

Linker script and memory map

LOAD D:/ST/STM32CubeIDE_1.13.2/STM32CubeIDE/plugins/com.st.stm32cube.ide.mcu.externaltools.gnu-tools-for-stm32.12.3.rel1.win32_1.0.100.202403111256/tools/bin/../lib/gcc/arm-none-eabi/12.3.1/thumb/v7e-m+fp/hard/crti.o
LOAD D:/ST/STM32CubeIDE_1.13.2/STM32CubeIDE/plugins/com.st.stm32cube.ide.mcu.externaltools.gnu-tools-for-stm32.12.3.rel1.win32_1.0.100.202403111256/tools/bin/../lib/gcc/arm-none-eabi/12.3.1/thumb/v7e-m+fp/hard/crtbegin.o
LOAD D:/ST/STM32CubeIDE_1.13.2/STM32CubeIDE/plugins/com.st.stm32cube.ide.mcu.externaltools.gnu-tools-for-stm32.12.3.rel1.win32_1.0.100.202403111256/tools/bin/../lib/gcc/arm-none-eabi/12.3.1/../../../../arm-none-eabi/lib/thumb/v7e-m+fp/hard/crt0.o
LOAD ./Driver/DMA/DMA.o
LOAD ./Driver/GPIO/GPIO.o
LOAD ./Driver/Logs/Logs.o
LOAD ./Driver/SPI/SPI.o
LOAD ./Internet_Protocols/DHCP/DHCP.o
LOAD ./Internet_Protocols/Ethernet/Ethernet.o
LOAD ./Internet_Protocols/IPv4/IPv4.o
LOAD ./Internet_Protocols/UDP/UDP.o
LOAD ./Src/main.o
LOAD ./Src/syscalls.o
LOAD ./Src/sysmem.o
LOAD ./Src/system_stm32f4xx.o
LOAD ./Startup/startup_stm32f407vgtx.o
LOAD ./W5500_Driver/W5500_Low_Level/W5500_LL.o
LOAD ./W5500_Driver/W5500_Middleware/W5500_MWL.o
START GROUP
LOAD D:/ST/STM32CubeIDE_1.13.2/STM32CubeIDE/plugins/com.st.stm32cube.ide.mcu.externaltools.gnu-tools-for-stm32.12.3.rel1.win32_1.0.100.202403111256/tools/bin/../lib/gcc/arm-none-eabi/12.3.1/../../../../arm-none-eabi/lib/thumb/v7e-m+fp/hard\libc_nano.a
LOAD D:/ST/STM32CubeIDE_1.13.2/STM32CubeIDE/plugins/com.st.stm32cube.ide.mcu.externaltools.gnu-tools-for-stm32.12.3.rel1.win32_1.0.100.202403111256/tools/bin/../lib/gcc/arm-none-eabi/12.3.1/../../../../arm-none-eabi/lib/thumb/v7e-m+fp/hard\libm.a
END GROUP
START GROUP
LOAD D:/ST/STM32CubeIDE_1.13.2/STM32CubeIDE/plugins/com.st.stm32cube.ide.mcu.externaltools.gnu-tools-for-stm32.12.3.rel1.win32_1.0.100.202403111256/tools/bin/../lib/gcc/arm-none-eabi/12.3.1/thumb/v7e-m+fp/hard\libgcc.a
LOAD D:/ST/STM32CubeIDE_1.13.2/STM32CubeIDE/plugins/com.st.stm32cube.ide.mcu.externaltools.gnu-tools-for-stm32.12.3.rel1.win32_1.0.100.202403111256/tools/bin/../lib/gcc/arm-none-eabi/12.3.1/../../../../arm-none-eabi/lib/thumb/v7e-m+fp/hard\libc_nano.a
END GROUP
START GROUP
LOAD D:/ST/STM32CubeIDE_1.13.2/STM32CubeIDE/plugins/com.st.stm32cube.ide.mcu.externaltools.gnu-tools-for-stm32.12.3.rel1.win32_1.0.100.202403111256/tools/bin/../lib/gcc/arm-none-eabi/12.3.1/thumb/v7e-m+fp/hard\libgcc.a
LOAD D:/ST/STM32CubeIDE_1.13.2/STM32CubeIDE/plugins/com.st.stm32cube.ide.mcu.externaltools.gnu-tools-for-stm32.12.3.rel1.win32_1.0.100.202403111256/tools/bin/../lib/gcc/arm-none-eabi/12.3.1/../../../../arm-none-eabi/lib/thumb/v7e-m+fp/hard\libc_nano.a
LOAD D:/ST/STM32CubeIDE_1.13.2/STM32CubeIDE/plugins/com.st.stm32cube.ide.mcu.externaltools.gnu-tools-for-stm32.12.3.rel1.win32_1.0.100.202403111256/tools/bin/../lib/gcc/arm-none-eabi/12.3.1/../../../../arm-none-eabi/lib/thumb/v7e-m+fp/hard\libnosys.a
END GROUP
START GROUP
LOAD D:/ST/STM32CubeIDE_1.13.2/STM32CubeIDE/plugins/com.st.stm32cube.ide.mcu.externaltools.gnu-tools-for-stm32.12.3.rel1.win32_1.0.100.202403111256/tools/bin/../lib/gcc/arm-none-eabi/12.3.1/thumb/v7e-m+fp/hard\libgcc.a
LOAD D:/ST/STM32CubeIDE_1.13.2/STM32CubeIDE/plugins/com.st.stm32cube.ide.mcu.externaltools.gnu-tools-for-stm32.12.3.rel1.win32_1.0.100.202403111256/tools/bin/../lib/gcc/arm-none-eabi/12.3.1/../../../../arm-none-eabi/lib/thumb/v7e-m+fp/hard\libc_nano.a
LOAD D:/ST/STM32CubeIDE_1.13.2/STM32CubeIDE/plugins/com.st.stm32cube.ide.mcu.externaltools.gnu-tools-for-stm32.12.3.rel1.win32_1.0.100.202403111256/tools/bin/../lib/gcc/arm-none-eabi/12.3.1/../../../../arm-none-eabi/lib/thumb/v7e-m+fp/hard\libnosys.a
END GROUP
LOAD D:/ST/STM32CubeIDE_1.13.2/STM32CubeIDE/plugins/com.st.stm32cube.ide.mcu.externaltools.gnu-tools-for-stm32.12.3.rel1.win32_1.0.100.202403111256/tools/bin/../lib/gcc/arm-none-eabi/12.3.1/thumb/v7e-m+fp/hard/crtend.o
LOAD D:/ST/STM32CubeIDE_1.13.2/STM32CubeIDE/plugins/com.st.stm32cube.ide.mcu.externaltools.gnu-tools-for-stm32.12.3.rel1.win32_1.0.100.202403111256/tools/bin/../lib/gcc/arm-none-eabi/12.3.1/thumb/v7e-m+fp/hard/crtn.o
                0x20020000                        _estack = (ORIGIN (RAM) + LENGTH (RAM))
                0x00000200                        _Min_Heap_Size = 0x200
                0x00000400                        _Min_Stack_Size = 0x400

.isr_vector     0x08000000      0x188
                0x08000000                        . = ALIGN (0x4)
 *(.isr_vector)
 .isr_vector    0x08000000      0x188 ./Startup/startup_stm32f407vgtx.o
                0x08000000                g_pfnVectors
                0x08000188                        . = ALIGN (0x4)

.text           0x08000188     0x1990
                0x08000188                        . = ALIGN (0x4)
 *(.text)
 .text          0x08000188       0x40 D:/ST/STM32CubeIDE_1.13.2/STM32CubeIDE/plugins/com.st.stm32cube.ide.mcu.externaltools.gnu-tools-for-stm32.12.3.rel1.win32_1.0.100.202403111256/tools/bin/../lib/gcc/arm-none-eabi/12.3.1/thumb/v7e-m+fp/hard/crtbegin.o
 *(.text*)
 .text.DMA1_Stream0_IRQHandler
                0x080001c8      0x178 ./Driver/DMA/DMA.o
                0x080001c8                DMA1_Stream0_IRQHandler
 .text.DMA1_Stream1_IRQHandler
                0x08000340      0x134 ./Driver/DMA/DMA.o
                0x08000340                DMA1_Stream1_IRQHandler
 .text.DMA1_Stream2_IRQHandler
                0x08000474       0xd0 ./Driver/DMA/DMA.o
                0x08000474                DMA1_Stream2_IRQHandler
 .text.DMA1_Stream3_IRQHandler
                0x08000544      0x178 ./Driver/DMA/DMA.o
                0x08000544                DMA1_Stream3_IRQHandler
 .text.DMA1_Stream4_IRQHandler
                0x080006bc      0x178 ./Driver/DMA/DMA.o
                0x080006bc                DMA1_Stream4_IRQHandler
 .text.DMA1_Stream5_IRQHandler
                0x08000834      0x178 ./Driver/DMA/DMA.o
                0x08000834                DMA1_Stream5_IRQHandler
 .text.DMA1_Stream6_IRQHandler
                0x080009ac      0x140 ./Driver/DMA/DMA.o
                0x080009ac                DMA1_Stream6_IRQHandler
 .text.DMA1_Stream7_IRQHandler
                0x08000aec      0x178 ./Driver/DMA/DMA.o
                0x08000aec                DMA1_Stream7_IRQHandler
 .text.DMA2_Stream0_IRQHandler
                0x08000c64      0x134 ./Driver/DMA/DMA.o
                0x08000c64                DMA2_Stream0_IRQHandler
 .text.DMA2_Stream1_IRQHandler
                0x08000d98      0x19c ./Driver/DMA/DMA.o
                0x08000d98                DMA2_Stream1_IRQHandler
 .text.DMA2_Stream2_IRQHandler
                0x08000f34      0x114 ./Driver/DMA/DMA.o
                0x08000f34                DMA2_Stream2_IRQHandler
 .text.DMA2_Stream3_IRQHandler
                0x08001048       0xf0 ./Driver/DMA/DMA.o
                0x08001048                DMA2_Stream3_IRQHandler
 .text.DMA2_Stream4_IRQHandler
                0x08001138       0xf0 ./Driver/DMA/DMA.o
                0x08001138                DMA2_Stream4_IRQHandler
 .text.DMA2_Stream5_IRQHandler
                0x08001228       0xd0 ./Driver/DMA/DMA.o
                0x08001228                DMA2_Stream5_IRQHandler
 .text.DMA2_Stream6_IRQHandler
                0x080012f8      0x134 ./Driver/DMA/DMA.o
                0x080012f8                DMA2_Stream6_IRQHandler
 .text.DMA2_Stream7_IRQHandler
                0x0800142c      0x110 ./Driver/DMA/DMA.o
                0x0800142c                DMA2_Stream7_IRQHandler
 .text.GPIO_Pin_Low
                0x0800153c       0x2a ./Driver/SPI/SPI.o
 .text.GPIO_Pin_High
                0x08001566       0x28 ./Driver/SPI/SPI.o
 .text.SPI_TRX_Byte
                0x0800158e       0x72 ./Driver/SPI/SPI.o
                0x0800158e                SPI_TRX_Byte
 .text.SPI_NSS_High
                0x08001600       0x20 ./Driver/SPI/SPI.o
                0x08001600                SPI_NSS_High
 .text.SPI_NSS_Low
                0x08001620       0x20 ./Driver/SPI/SPI.o
                0x08001620                SPI_NSS_Low
 .text.__NVIC_SetPriority
                0x08001640       0x54 ./Src/main.o
 .text.SysTick_Config
                0x08001694       0x44 ./Src/main.o
 .text.MCU_Clock_Setup
                0x080016d8      0x124 ./Src/main.o
 .text.Delay_Config
                0x080017fc       0x30 ./Src/main.o
 .text.main     0x0800182c       0x10 ./Src/main.o
                0x0800182c                main
 .text.SystemInit
                0x0800183c       0x24 ./Src/system_stm32f4xx.o
                0x0800183c                SystemInit
 .text.SystemCoreClockUpdate
                0x08001860      0x100 ./Src/system_stm32f4xx.o
                0x08001860                SystemCoreClockUpdate
 .text.Reset_Handler
                0x08001960       0x50 ./Startup/startup_stm32f407vgtx.o
                0x08001960                Reset_Handler
 .text.Default_Handler
                0x080019b0        0x2 ./Startup/startup_stm32f407vgtx.o
                0x080019b0                RTC_Alarm_IRQHandler
                0x080019b0                HASH_RNG_IRQHandler
                0x080019b0                EXTI2_IRQHandler
                0x080019b0                TIM8_CC_IRQHandler
                0x080019b0                DebugMon_Handler
                0x080019b0                TIM1_CC_IRQHandler
                0x080019b0                HardFault_Handler
                0x080019b0                SysTick_Handler
                0x080019b0                PVD_IRQHandler
                0x080019b0                SDIO_IRQHandler
                0x080019b0                TAMP_STAMP_IRQHandler
                0x080019b0                PendSV_Handler
                0x080019b0                NMI_Handler
                0x080019b0                CAN2_RX1_IRQHandler
                0x080019b0                EXTI3_IRQHandler
                0x080019b0                TIM8_TRG_COM_TIM14_IRQHandler
                0x080019b0                TIM1_UP_TIM10_IRQHandler
                0x080019b0                TIM8_UP_TIM13_IRQHandler
                0x080019b0                I2C3_ER_IRQHandler
                0x080019b0                I2C2_EV_IRQHandler
                0x080019b0                CAN1_RX0_IRQHandler
                0x080019b0                FPU_IRQHandler
                0x080019b0                OTG_HS_WKUP_IRQHandler
                0x080019b0                UsageFault_Handler
                0x080019b0                CAN2_SCE_IRQHandler
                0x080019b0                SPI1_IRQHandler
                0x080019b0                TIM6_DAC_IRQHandler
                0x080019b0                TIM1_BRK_TIM9_IRQHandler
                0x080019b0                DCMI_IRQHandler
                0x080019b0                CAN2_RX0_IRQHandler
                0x080019b0                USART6_IRQHandler
                0x080019b0                USART3_IRQHandler
                0x080019b0                CRYP_IRQHandler
                0x080019b0                CAN1_RX1_IRQHandler
                0x080019b0                UART5_IRQHandler
                0x080019b0                TIM4_IRQHandler
                0x080019b0                I2C1_EV_IRQHandler
                0x080019b0                UART4_IRQHandler
                0x080019b0                TIM3_IRQHandler
                0x080019b0                RCC_IRQHandler
                0x080019b0                TIM8_BRK_TIM12_IRQHandler
                0x080019b0                Default_Handler
                0x080019b0                EXTI15_10_IRQHandler
                0x080019b0                ADC_IRQHandler
                0x080019b0                TIM7_IRQHandler
                0x080019b0                CAN2_TX_IRQHandler
                0x080019b0                TIM5_IRQHandler
                0x080019b0                I2C3_EV_IRQHandler
                0x080019b0                EXTI9_5_IRQHandler
                0x080019b0                RTC_WKUP_IRQHandler
                0x080019b0                ETH_WKUP_IRQHandler
                0x080019b0                SPI2_IRQHandler
                0x080019b0                OTG_HS_EP1_IN_IRQHandler
                0x080019b0                MemManage_Handler
                0x080019b0                CAN1_TX_IRQHandler
                0x080019b0                SVC_Handler
                0x080019b0                EXTI4_IRQHandler
                0x080019b0                FSMC_IRQHandler
                0x080019b0                ETH_IRQHandler
                0x080019b0                OTG_HS_EP1_OUT_IRQHandler
                0x080019b0                WWDG_IRQHandler
                0x080019b0                TIM2_IRQHandler
                0x080019b0                OTG_FS_WKUP_IRQHandler
                0x080019b0                TIM1_TRG_COM_TIM11_IRQHandler
                0x080019b0                OTG_HS_IRQHandler
                0x080019b0                EXTI1_IRQHandler
                0x080019b0                USART2_IRQHandler
                0x080019b0                I2C2_ER_IRQHandler
                0x080019b0                CAN1_SCE_IRQHandler
                0x080019b0                BusFault_Handler
                0x080019b0                USART1_IRQHandler
                0x080019b0                OTG_FS_IRQHandler
                0x080019b0                SPI3_IRQHandler
                0x080019b0                I2C1_ER_IRQHandler
 *fill*         0x080019b2        0x2 
 .text.LL_W5500_Read_Socket_Configuration_Register
                0x080019b4       0xc0 ./W5500_Driver/W5500_Low_Level/W5500_LL.o
                0x080019b4                LL_W5500_Read_Socket_Configuration_Register
 .text.EXTI0_IRQHandler
                0x08001a74       0x44 ./W5500_Driver/W5500_Middleware/W5500_MWL.o
                0x08001a74                EXTI0_IRQHandler
 .text.__libc_init_array
                0x08001ab8       0x48 D:/ST/STM32CubeIDE_1.13.2/STM32CubeIDE/plugins/com.st.stm32cube.ide.mcu.externaltools.gnu-tools-for-stm32.12.3.rel1.win32_1.0.100.202403111256/tools/bin/../lib/gcc/arm-none-eabi/12.3.1/../../../../arm-none-eabi/lib/thumb/v7e-m+fp/hard\libc_nano.a(libc_a-init.o)
                0x08001ab8                __libc_init_array
 *(.glue_7)
 .glue_7        0x08001b00        0x0 linker stubs
 *(.glue_7t)
 .glue_7t       0x08001b00        0x0 linker stubs
 *(.eh_frame)
 .eh_frame      0x08001b00        0x0 D:/ST/STM32CubeIDE_1.13.2/STM32CubeIDE/plugins/com.st.stm32cube.ide.mcu.externaltools.gnu-tools-for-stm32.12.3.rel1.win32_1.0.100.202403111256/tools/bin/../lib/gcc/arm-none-eabi/12.3.1/thumb/v7e-m+fp/hard/crtbegin.o
 *(.init)
 .init          0x08001b00        0x4 D:/ST/STM32CubeIDE_1.13.2/STM32CubeIDE/plugins/com.st.stm32cube.ide.mcu.externaltools.gnu-tools-for-stm32.12.3.rel1.win32_1.0.100.202403111256/tools/bin/../lib/gcc/arm-none-eabi/12.3.1/thumb/v7e-m+fp/hard/crti.o
                0x08001b00                _init
 .init          0x08001b04        0x8 D:/ST/STM32CubeIDE_1.13.2/STM32CubeIDE/plugins/com.st.stm32cube.ide.mcu.externaltools.gnu-tools-for-stm32.12.3.rel1.win32_1.0.100.202403111256/tools/bin/../lib/gcc/arm-none-eabi/12.3.1/thumb/v7e-m+fp/hard/crtn.o
 *(.fini)
 .fini          0x08001b0c        0x4 D:/ST/STM32CubeIDE_1.13.2/STM32CubeIDE/plugins/com.st.stm32cube.ide.mcu.externaltools.gnu-tools-for-stm32.12.3.rel1.win32_1.0.100.202403111256/tools/bin/../lib/gcc/arm-none-eabi/12.3.1/thumb/v7e-m+fp/hard/crti.o
                0x08001b0c                _fini
 .fini          0x08001b10        0x8 D:/ST/STM32CubeIDE_1.13.2/STM32CubeIDE/plugins/com.st.stm32cube.ide.mcu.externaltools.gnu-tools-for-stm32.12.3.rel1.win32_1.0.100.202403111256/tools/bin/../lib/gcc/arm-none-eabi/12.3.1/thumb/v7e-m+fp/hard/crtn.o
                0x08001b18                        . = ALIGN (0x4)
                0x08001b18                        _etext = .

.vfp11_veneer   0x08001b18        0x0
 .vfp11_veneer  0x08001b18        0x0 linker stubs

.v4_bx          0x08001b18        0x0
 .v4_bx         0x08001b18        0x0 linker stubs

.iplt           0x08001b18        0x0
 .iplt          0x08001b18        0x0 D:/ST/STM32CubeIDE_1.13.2/STM32CubeIDE/plugins/com.st.stm32cube.ide.mcu.externaltools.gnu-tools-for-stm32.12.3.rel1.win32_1.0.100.202403111256/tools/bin/../lib/gcc/arm-none-eabi/12.3.1/thumb/v7e-m+fp/hard/crtbegin.o

.rodata         0x08001b18       0x10
                0x08001b18                        . = ALIGN (0x4)
 *(.rodata)
 *(.rodata*)
 .rodata.AHBPrescTable
                0x08001b18       0x10 ./Src/system_stm32f4xx.o
                0x08001b18                AHBPrescTable
                0x08001b28                        . = ALIGN (0x4)

.ARM.extab      0x08001b28        0x0
                0x08001b28                        . = ALIGN (0x4)
 *(.ARM.extab* .gnu.linkonce.armextab.*)
                0x08001b28                        . = ALIGN (0x4)

.ARM            0x08001b28        0x0
                0x08001b28                        . = ALIGN (0x4)
                0x08001b28                        __exidx_start = .
 *(.ARM.exidx*)
                0x08001b28                        __exidx_end = .
                0x08001b28                        . = ALIGN (0x4)

.preinit_array  0x08001b28        0x0
                0x08001b28                        . = ALIGN (0x4)
                0x08001b28                        PROVIDE (__preinit_array_start = .)
 *(.preinit_array*)
                0x08001b28                        PROVIDE (__preinit_array_end = .)
                0x08001b28                        . = ALIGN (0x4)

.init_array     0x08001b28        0x4
                0x08001b28                        . = ALIGN (0x4)
                0x08001b28                        PROVIDE (__init_array_start = .)
 *(SORT_BY_NAME(.init_array.*))
 *(.init_array*)
 .init_array    0x08001b28        0x4 D:/ST/STM32CubeIDE_1.13.2/STM32CubeIDE/plugins/com.st.stm32cube.ide.mcu.externaltools.gnu-tools-for-stm32.12.3.rel1.win32_1.0.100.202403111256/tools/bin/../lib/gcc/arm-none-eabi/12.3.1/thumb/v7e-m+fp/hard/crtbegin.o
                0x08001b2c                        PROVIDE (__init_array_end = .)
                0x08001b2c                        . = ALIGN (0x4)

.fini_array     0x08001b2c        0x4
                0x08001b2c                        . = ALIGN (0x4)
                [!provide]                        PROVIDE (__fini_array_start = .)
 *(SORT_BY_NAME(.fini_array.*))
 *(.fini_array*)
 .fini_array    0x08001b2c        0x4 D:/ST/STM32CubeIDE_1.13.2/STM32CubeIDE/plugins/com.st.stm32cube.ide.mcu.externaltools.gnu-tools-for-stm32.12.3.rel1.win32_1.0.100.202403111256/tools/bin/../lib/gcc/arm-none-eabi/12.3.1/thumb/v7e-m+fp/hard/crtbegin.o
                [!provide]                        PROVIDE (__fini_array_end = .)
                0x08001b30                        . = ALIGN (0x4)
                0x08001b30                        _sidata = LOADADDR (.data)

.rel.dyn        0x08001b30        0x0
 .rel.iplt      0x08001b30        0x0 D:/ST/STM32CubeIDE_1.13.2/STM32CubeIDE/plugins/com.st.stm32cube.ide.mcu.externaltools.gnu-tools-for-stm32.12.3.rel1.win32_1.0.100.202403111256/tools/bin/../lib/gcc/arm-none-eabi/12.3.1/thumb/v7e-m+fp/hard/crtbegin.o

.data           0x20000000        0x4 load address 0x08001b30
                0x20000000                        . = ALIGN (0x4)
                0x20000000                        _sdata = .
 *(.data)
 *(.data*)
 .data.SystemCoreClock
                0x20000000        0x4 ./Src/system_stm32f4xx.o
                0x20000000                SystemCoreClock
 *(.RamFunc)
 *(.RamFunc*)
                0x20000004                        . = ALIGN (0x4)
                0x20000004                        _edata = .
                0x08001b34                        _siccmram = LOADADDR (.ccmram)

.igot.plt       0x20000004        0x0 load address 0x08001b34
 .igot.plt      0x20000004        0x0 D:/ST/STM32CubeIDE_1.13.2/STM32CubeIDE/plugins/com.st.stm32cube.ide.mcu.externaltools.gnu-tools-for-stm32.12.3.rel1.win32_1.0.100.202403111256/tools/bin/../lib/gcc/arm-none-eabi/12.3.1/thumb/v7e-m+fp/hard/crtbegin.o

.ccmram         0x10000000        0x0 load address 0x08001b34
                0x10000000                        . = ALIGN (0x4)
                0x10000000                        _sccmram = .
 *(.ccmram)
 *(.ccmram*)
                0x10000000                        . = ALIGN (0x4)
                0x10000000                        _eccmram = .
                0x10000000                        . = ALIGN (0x4)

.bss            0x20000004      0x294
                0x20000004                        _sbss = .
                0x20000004                        __bss_start__ = _sbss
 *(.bss)
 .bss           0x20000004       0x1c D:/ST/STM32CubeIDE_1.13.2/STM32CubeIDE/plugins/com.st.stm32cube.ide.mcu.externaltools.gnu-tools-for-stm32.12.3.rel1.win32_1.0.100.202403111256/tools/bin/../lib/gcc/arm-none-eabi/12.3.1/thumb/v7e-m+fp/hard/crtbegin.o
 *(.bss*)
 .bss.I2S2_RX_DMA_Flag
                0x20000020        0x6 ./Driver/DMA/DMA.o
                0x20000020                I2S2_RX_DMA_Flag
 *fill*         0x20000026        0x2 
 .bss.I2S2_TX_DMA_Flag
                0x20000028        0x6 ./Driver/DMA/DMA.o
                0x20000028                I2S2_TX_DMA_Flag
 *fill*         0x2000002e        0x2 
 .bss.I2S3_TX_DMA_Flag
                0x20000030        0x6 ./Driver/DMA/DMA.o
                0x20000030                I2S3_TX_DMA_Flag
 *fill*         0x20000036        0x2 
 .bss.I2C1_RX_DMA_Flag
                0x20000038        0x6 ./Driver/DMA/DMA.o
                0x20000038                I2C1_RX_DMA_Flag
 *fill*         0x2000003e        0x2 
 .bss.I2C1_TX_DMA_Flag
                0x20000040        0x6 ./Driver/DMA/DMA.o
                0x20000040                I2C1_TX_DMA_Flag
 *fill*         0x20000046        0x2 
 .bss.I2C2_TX_DMA_Flag
                0x20000048        0x6 ./Driver/DMA/DMA.o
                0x20000048                I2C2_TX_DMA_Flag
 *fill*         0x2000004e        0x2 
 .bss.I2C3_TX_DMA_Flag
                0x20000050        0x6 ./Driver/DMA/DMA.o
                0x20000050                I2C3_TX_DMA_Flag
 *fill*         0x20000056        0x2 
 .bss.SPI1_RX_DMA_Flag
                0x20000058        0x6 ./Driver/DMA/DMA.o
                0x20000058                SPI1_RX_DMA_Flag
 *fill*         0x2000005e        0x2 
 .bss.SPI2_RX_DMA_Flag
                0x20000060        0x6 ./Driver/DMA/DMA.o
                0x20000060                SPI2_RX_DMA_Flag
 *fill*         0x20000066        0x2 
 .bss.SPI3_RX_DMA_Flag
                0x20000068        0x6 ./Driver/DMA/DMA.o
                0x20000068                SPI3_RX_DMA_Flag
 *fill*         0x2000006e        0x2 
 .bss.SPI1_TX_DMA_Flag
                0x20000070        0x6 ./Driver/DMA/DMA.o
                0x20000070                SPI1_TX_DMA_Flag
 *fill*         0x20000076        0x2 
 .bss.SPI2_TX_DMA_Flag
                0x20000078        0x6 ./Driver/DMA/DMA.o
                0x20000078                SPI2_TX_DMA_Flag
 *fill*         0x2000007e        0x2 
 .bss.SPI3_TX_DMA_Flag
                0x20000080        0x6 ./Driver/DMA/DMA.o
                0x20000080                SPI3_TX_DMA_Flag
 *fill*         0x20000086        0x2 
 .bss.USART1_RX_DMA_Flag
                0x20000088        0x6 ./Driver/DMA/DMA.o
                0x20000088                USART1_RX_DMA_Flag
 *fill*         0x2000008e        0x2 
 .bss.USART1_TX_DMA_Flag
                0x20000090        0x6 ./Driver/DMA/DMA.o
                0x20000090                USART1_TX_DMA_Flag
 *fill*         0x20000096        0x2 
 .bss.USART2_RX_DMA_Flag
                0x20000098        0x6 ./Driver/DMA/DMA.o
                0x20000098                USART2_RX_DMA_Flag
 *fill*         0x2000009e        0x2 
 .bss.USART2_TX_DMA_Flag
                0x200000a0        0x6 ./Driver/DMA/DMA.o
                0x200000a0                USART2_TX_DMA_Flag
 *fill*         0x200000a6        0x2 
 .bss.USART3_RX_DMA_Flag
                0x200000a8        0x6 ./Driver/DMA/DMA.o
                0x200000a8                USART3_RX_DMA_Flag
 *fill*         0x200000ae        0x2 
 .bss.USART3_TX_DMA_Flag
                0x200000b0        0x6 ./Driver/DMA/DMA.o
                0x200000b0                USART3_TX_DMA_Flag
 *fill*         0x200000b6        0x2 
 .bss.USART4_TX_DMA_Flag
                0x200000b8        0x6 ./Driver/DMA/DMA.o
                0x200000b8                USART4_TX_DMA_Flag
 *fill*         0x200000be        0x2 
 .bss.USART5_RX_DMA_Flag
                0x200000c0        0x6 ./Driver/DMA/DMA.o
                0x200000c0                USART5_RX_DMA_Flag
 *fill*         0x200000c6        0x2 
 .bss.USART5_TX_DMA_Flag
                0x200000c8        0x6 ./Driver/DMA/DMA.o
                0x200000c8                USART5_TX_DMA_Flag
 *fill*         0x200000ce        0x2 
 .bss.USART6_RX_DMA_Flag
                0x200000d0        0x6 ./Driver/DMA/DMA.o
                0x200000d0                USART6_RX_DMA_Flag
 *fill*         0x200000d6        0x2 
 .bss.USART6_TX_DMA_Flag
                0x200000d8        0x6 ./Driver/DMA/DMA.o
                0x200000d8                USART6_TX_DMA_Flag
 *fill*         0x200000de        0x2 
 .bss.USART7_RX_DMA_Flag
                0x200000e0        0x6 ./Driver/DMA/DMA.o
                0x200000e0                USART7_RX_DMA_Flag
 *fill*         0x200000e6        0x2 
 .bss.USART8_RX_DMA_Flag
                0x200000e8        0x6 ./Driver/DMA/DMA.o
                0x200000e8                USART8_RX_DMA_Flag
 *fill*         0x200000ee        0x2 
 .bss.TIM1_UP_DMA_Flag
                0x200000f0        0x6 ./Driver/DMA/DMA.o
                0x200000f0                TIM1_UP_DMA_Flag
 *fill*         0x200000f6        0x2 
 .bss.TIM1_CH1_DMA_Flag
                0x200000f8        0x6 ./Driver/DMA/DMA.o
                0x200000f8                TIM1_CH1_DMA_Flag
 *fill*         0x200000fe        0x2 
 .bss.TIM1_CH2_DMA_Flag
                0x20000100        0x6 ./Driver/DMA/DMA.o
                0x20000100                TIM1_CH2_DMA_Flag
 *fill*         0x20000106        0x2 
 .bss.TIM1_CH3_DMA_Flag
                0x20000108        0x6 ./Driver/DMA/DMA.o
                0x20000108                TIM1_CH3_DMA_Flag
 *fill*         0x2000010e        0x2 
 .bss.TIM1_CH4_DMA_Flag
                0x20000110        0x6 ./Driver/DMA/DMA.o
                0x20000110                TIM1_CH4_DMA_Flag
 *fill*         0x20000116        0x2 
 .bss.TIM1_TRIG_DMA_Flag
                0x20000118        0x6 ./Driver/DMA/DMA.o
                0x20000118                TIM1_TRIG_DMA_Flag
 *fill*         0x2000011e        0x2 
 .bss.TIM1_COM_DMA_Flag
                0x20000120        0x6 ./Driver/DMA/DMA.o
                0x20000120                TIM1_COM_DMA_Flag
 *fill*         0x20000126        0x2 
 .bss.TIM8_UP_DMA_Flag
                0x20000128        0x6 ./Driver/DMA/DMA.o
                0x20000128                TIM8_UP_DMA_Flag
 *fill*         0x2000012e        0x2 
 .bss.TIM8_CH1_DMA_Flag
                0x20000130        0x6 ./Driver/DMA/DMA.o
                0x20000130                TIM8_CH1_DMA_Flag
 *fill*         0x20000136        0x2 
 .bss.TIM8_CH2_DMA_Flag
                0x20000138        0x6 ./Driver/DMA/DMA.o
                0x20000138                TIM8_CH2_DMA_Flag
 *fill*         0x2000013e        0x2 
 .bss.TIM8_CH3_DMA_Flag
                0x20000140        0x6 ./Driver/DMA/DMA.o
                0x20000140                TIM8_CH3_DMA_Flag
 *fill*         0x20000146        0x2 
 .bss.TIM8_CH4_DMA_Flag
                0x20000148        0x6 ./Driver/DMA/DMA.o
                0x20000148                TIM8_CH4_DMA_Flag
 *fill*         0x2000014e        0x2 
 .bss.TIM8_TRIG_DMA_Flag
                0x20000150        0x6 ./Driver/DMA/DMA.o
                0x20000150                TIM8_TRIG_DMA_Flag
 *fill*         0x20000156        0x2 
 .bss.TIM8_COM_DMA_Flag
                0x20000158        0x6 ./Driver/DMA/DMA.o
                0x20000158                TIM8_COM_DMA_Flag
 *fill*         0x2000015e        0x2 
 .bss.TIM2_UP_DMA_Flag
                0x20000160        0x6 ./Driver/DMA/DMA.o
                0x20000160                TIM2_UP_DMA_Flag
 *fill*         0x20000166        0x2 
 .bss.TIM2_CH1_DMA_Flag
                0x20000168        0x6 ./Driver/DMA/DMA.o
                0x20000168                TIM2_CH1_DMA_Flag
 *fill*         0x2000016e        0x2 
 .bss.TIM2_CH2_DMA_Flag
                0x20000170        0x6 ./Driver/DMA/DMA.o
                0x20000170                TIM2_CH2_DMA_Flag
 *fill*         0x20000176        0x2 
 .bss.TIM2_CH3_DMA_Flag
                0x20000178        0x6 ./Driver/DMA/DMA.o
                0x20000178                TIM2_CH3_DMA_Flag
 *fill*         0x2000017e        0x2 
 .bss.TIM2_CH4_DMA_Flag
                0x20000180        0x6 ./Driver/DMA/DMA.o
                0x20000180                TIM2_CH4_DMA_Flag
 *fill*         0x20000186        0x2 
 .bss.TIM3_CH1_DMA_Flag
                0x20000188        0x6 ./Driver/DMA/DMA.o
                0x20000188                TIM3_CH1_DMA_Flag
 *fill*         0x2000018e        0x2 
 .bss.TIM3_CH2_DMA_Flag
                0x20000190        0x6 ./Driver/DMA/DMA.o
                0x20000190                TIM3_CH2_DMA_Flag
 *fill*         0x20000196        0x2 
 .bss.TIM3_CH3_DMA_Flag
                0x20000198        0x6 ./Driver/DMA/DMA.o
                0x20000198                TIM3_CH3_DMA_Flag
 *fill*         0x2000019e        0x2 
 .bss.TIM3_TRIG_DMA_Flag
                0x200001a0        0x6 ./Driver/DMA/DMA.o
                0x200001a0                TIM3_TRIG_DMA_Flag
 *fill*         0x200001a6        0x2 
 .bss.TIM4_CH1_DMA_Flag
                0x200001a8        0x6 ./Driver/DMA/DMA.o
                0x200001a8                TIM4_CH1_DMA_Flag
 *fill*         0x200001ae        0x2 
 .bss.TIM4_CH2_DMA_Flag
                0x200001b0        0x6 ./Driver/DMA/DMA.o
                0x200001b0                TIM4_CH2_DMA_Flag
 *fill*         0x200001b6        0x2 
 .bss.TIM4_CH3_DMA_Flag
                0x200001b8        0x6 ./Driver/DMA/DMA.o
                0x200001b8                TIM4_CH3_DMA_Flag
 *fill*         0x200001be        0x2 
 .bss.TIM5_CH2_DMA_Flag
                0x200001c0        0x6 ./Driver/DMA/DMA.o
                0x200001c0                TIM5_CH2_DMA_Flag
 *fill*         0x200001c6        0x2 
 .bss.TIM5_CH3_DMA_Flag
                0x200001c8        0x6 ./Driver/DMA/DMA.o
                0x200001c8                TIM5_CH3_DMA_Flag
 *fill*         0x200001ce        0x2 
 .bss.TIM5_TRIG_DMA_Flag
                0x200001d0        0x6 ./Driver/DMA/DMA.o
                0x200001d0                TIM5_TRIG_DMA_Flag
 *fill*         0x200001d6        0x2 
 .bss.TIM6_UP_DMA_Flag
                0x200001d8        0x6 ./Driver/DMA/DMA.o
                0x200001d8                TIM6_UP_DMA_Flag
 *fill*         0x200001de        0x2 
 .bss.DAC2_DMA_Flag
                0x200001e0        0x6 ./Driver/DMA/DMA.o
                0x200001e0                DAC2_DMA_Flag
 *fill*         0x200001e6        0x2 
 .bss.SDIO_RXTX_DMA_Flag
                0x200001e8        0x6 ./Driver/DMA/DMA.o
                0x200001e8                SDIO_RXTX_DMA_Flag
 *fill*         0x200001ee        0x2 
 .bss.DCMI_DMA_Flag
                0x200001f0        0x6 ./Driver/DMA/DMA.o
                0x200001f0                DCMI_DMA_Flag
 *fill*         0x200001f6        0x2 
 .bss.ADC1_DMA_Flag
                0x200001f8        0x6 ./Driver/DMA/DMA.o
                0x200001f8                ADC1_DMA_Flag
 *fill*         0x200001fe        0x2 
 .bss.ADC2_DMA_Flag
                0x20000200        0x6 ./Driver/DMA/DMA.o
                0x20000200                ADC2_DMA_Flag
 *fill*         0x20000206        0x2 
 .bss.ADC3_DMA_Flag
                0x20000208        0x6 ./Driver/DMA/DMA.o
                0x20000208                ADC3_DMA_Flag
 *fill*         0x2000020e        0x2 
 .bss.DMA1_Stream0_Flag
                0x20000210        0x6 ./Driver/DMA/DMA.o
                0x20000210                DMA1_Stream0_Flag
 *fill*         0x20000216        0x2 
 .bss.DMA1_Stream1_Flag
                0x20000218        0x6 ./Driver/DMA/DMA.o
                0x20000218                DMA1_Stream1_Flag
 *fill*         0x2000021e        0x2 
 .bss.DMA1_Stream2_Flag
                0x20000220        0x6 ./Driver/DMA/DMA.o
                0x20000220                DMA1_Stream2_Flag
 *fill*         0x20000226        0x2 
 .bss.DMA1_Stream3_Flag
                0x20000228        0x6 ./Driver/DMA/DMA.o
                0x20000228                DMA1_Stream3_Flag
 *fill*         0x2000022e        0x2 
 .bss.DMA1_Stream4_Flag
                0x20000230        0x6 ./Driver/DMA/DMA.o
                0x20000230                DMA1_Stream4_Flag
 *fill*         0x20000236        0x2 
 .bss.DMA1_Stream5_Flag
                0x20000238        0x6 ./Driver/DMA/DMA.o
                0x20000238                DMA1_Stream5_Flag
 *fill*         0x2000023e        0x2 
 .bss.DMA1_Stream6_Flag
                0x20000240        0x6 ./Driver/DMA/DMA.o
                0x20000240                DMA1_Stream6_Flag
 *fill*         0x20000246        0x2 
 .bss.DMA1_Stream7_Flag
                0x20000248        0x6 ./Driver/DMA/DMA.o
                0x20000248                DMA1_Stream7_Flag
 *fill*         0x2000024e        0x2 
 .bss.DMA2_Stream0_Flag
                0x20000250        0x6 ./Driver/DMA/DMA.o
                0x20000250                DMA2_Stream0_Flag
 *fill*         0x20000256        0x2 
 .bss.DMA2_Stream1_Flag
                0x20000258        0x6 ./Driver/DMA/DMA.o
                0x20000258                DMA2_Stream1_Flag
 *fill*         0x2000025e        0x2 
 .bss.DMA2_Stream2_Flag
                0x20000260        0x6 ./Driver/DMA/DMA.o
                0x20000260                DMA2_Stream2_Flag
 *fill*         0x20000266        0x2 
 .bss.DMA2_Stream3_Flag
                0x20000268        0x6 ./Driver/DMA/DMA.o
                0x20000268                DMA2_Stream3_Flag
 *fill*         0x2000026e        0x2 
 .bss.DMA2_Stream4_Flag
                0x20000270        0x6 ./Driver/DMA/DMA.o
                0x20000270                DMA2_Stream4_Flag
 *fill*         0x20000276        0x2 
 .bss.DMA2_Stream5_Flag
                0x20000278        0x6 ./Driver/DMA/DMA.o
                0x20000278                DMA2_Stream5_Flag
 *fill*         0x2000027e        0x2 
 .bss.DMA2_Stream6_Flag
                0x20000280        0x6 ./Driver/DMA/DMA.o
                0x20000280                DMA2_Stream6_Flag
 *fill*         0x20000286        0x2 
 .bss.DMA2_Stream7_Flag
                0x20000288        0x6 ./Driver/DMA/DMA.o
                0x20000288                DMA2_Stream7_Flag
 *fill*         0x2000028e        0x2 
 .bss.w5500_spi
                0x20000290        0x4 ./W5500_Driver/W5500_Low_Level/W5500_LL.o
                0x20000290                w5500_spi
 .bss.temp_data
                0x20000294        0x4 ./W5500_Driver/W5500_Middleware/W5500_MWL.o
                0x20000294                temp_data
 *(COMMON)
                0x20000298                        . = ALIGN (0x4)
                0x20000298                        _ebss = .
                0x20000298                        __bss_end__ = _ebss

._user_heap_stack
                0x20000298      0x600
                0x20000298                        . = ALIGN (0x8)
                [!provide]                        PROVIDE (end = .)
                0x20000298                        PROVIDE (_end = .)
                0x20000498                        . = (. + _Min_Heap_Size)
 *fill*         0x20000298      0x200 
                0x20000898                        . = (. + _Min_Stack_Size)
 *fill*         0x20000498      0x400 
                0x20000898                        . = ALIGN (0x8)

/DISCARD/
 libc.a(*)
 libm.a(*)
 libgcc.a(*)

.ARM.attributes
                0x00000000       0x30
 *(.ARM.attributes)
 .ARM.attributes
                0x00000000       0x22 D:/ST/STM32CubeIDE_1.13.2/STM32CubeIDE/plugins/com.st.stm32cube.ide.mcu.externaltools.gnu-tools-for-stm32.12.3.rel1.win32_1.0.100.202403111256/tools/bin/../lib/gcc/arm-none-eabi/12.3.1/thumb/v7e-m+fp/hard/crti.o
 .ARM.attributes
                0x00000022       0x34 D:/ST/STM32CubeIDE_1.13.2/STM32CubeIDE/plugins/com.st.stm32cube.ide.mcu.externaltools.gnu-tools-for-stm32.12.3.rel1.win32_1.0.100.202403111256/tools/bin/../lib/gcc/arm-none-eabi/12.3.1/thumb/v7e-m+fp/hard/crtbegin.o
 .ARM.attributes
                0x00000056       0x34 ./Driver/DMA/DMA.o
 .ARM.attributes
                0x0000008a       0x34 ./Driver/SPI/SPI.o
 .ARM.attributes
                0x000000be       0x34 ./Src/main.o
 .ARM.attributes
                0x000000f2       0x34 ./Src/system_stm32f4xx.o
 .ARM.attributes
                0x00000126       0x21 ./Startup/startup_stm32f407vgtx.o
 .ARM.attributes
                0x00000147       0x34 ./W5500_Driver/W5500_Low_Level/W5500_LL.o
 .ARM.attributes
                0x0000017b       0x34 ./W5500_Driver/W5500_Middleware/W5500_MWL.o
 .ARM.attributes
                0x000001af       0x34 D:/ST/STM32CubeIDE_1.13.2/STM32CubeIDE/plugins/com.st.stm32cube.ide.mcu.externaltools.gnu-tools-for-stm32.12.3.rel1.win32_1.0.100.202403111256/tools/bin/../lib/gcc/arm-none-eabi/12.3.1/../../../../arm-none-eabi/lib/thumb/v7e-m+fp/hard\libc_nano.a(libc_a-init.o)
 .ARM.attributes
                0x000001e3       0x22 D:/ST/STM32CubeIDE_1.13.2/STM32CubeIDE/plugins/com.st.stm32cube.ide.mcu.externaltools.gnu-tools-for-stm32.12.3.rel1.win32_1.0.100.202403111256/tools/bin/../lib/gcc/arm-none-eabi/12.3.1/thumb/v7e-m+fp/hard/crtn.o
OUTPUT(W5500_Driver.elf elf32-littlearm)
LOAD linker stubs
LOAD D:/ST/STM32CubeIDE_1.13.2/STM32CubeIDE/plugins/com.st.stm32cube.ide.mcu.externaltools.gnu-tools-for-stm32.12.3.rel1.win32_1.0.100.202403111256/tools/bin/../lib/gcc/arm-none-eabi/12.3.1/../../../../arm-none-eabi/lib/thumb/v7e-m+fp/hard\libc.a
LOAD D:/ST/STM32CubeIDE_1.13.2/STM32CubeIDE/plugins/com.st.stm32cube.ide.mcu.externaltools.gnu-tools-for-stm32.12.3.rel1.win32_1.0.100.202403111256/tools/bin/../lib/gcc/arm-none-eabi/12.3.1/../../../../arm-none-eabi/lib/thumb/v7e-m+fp/hard\libm.a
LOAD D:/ST/STM32CubeIDE_1.13.2/STM32CubeIDE/plugins/com.st.stm32cube.ide.mcu.externaltools.gnu-tools-for-stm32.12.3.rel1.win32_1.0.100.202403111256/tools/bin/../lib/gcc/arm-none-eabi/12.3.1/thumb/v7e-m+fp/hard\libgcc.a

.debug_info     0x00000000     0x9dc7
 .debug_info    0x00000000     0x1a05 ./Driver/DMA/DMA.o
 .debug_info    0x00001a05     0x1bcc ./Driver/SPI/SPI.o
 .debug_info    0x000035d1     0x23de ./Src/main.o
 .debug_info    0x000059af      0x50b ./Src/system_stm32f4xx.o
 .debug_info    0x00005eba       0x30 ./Startup/startup_stm32f407vgtx.o
 .debug_info    0x00005eea     0x1dd5 ./W5500_Driver/W5500_Low_Level/W5500_LL.o
 .debug_info    0x00007cbf     0x2108 ./W5500_Driver/W5500_Middleware/W5500_MWL.o

.debug_abbrev   0x00000000      0xdcf
 .debug_abbrev  0x00000000      0x23f ./Driver/DMA/DMA.o
 .debug_abbrev  0x0000023f      0x31d ./Driver/SPI/SPI.o
 .debug_abbrev  0x0000055c      0x25a ./Src/main.o
 .debug_abbrev  0x000007b6      0x11a ./Src/system_stm32f4xx.o
 .debug_abbrev  0x000008d0       0x24 ./Startup/startup_stm32f407vgtx.o
 .debug_abbrev  0x000008f4      0x227 ./W5500_Driver/W5500_Low_Level/W5500_LL.o
 .debug_abbrev  0x00000b1b      0x2b4 ./W5500_Driver/W5500_Middleware/W5500_MWL.o

.debug_aranges  0x00000000      0x328
 .debug_aranges
                0x00000000       0xe0 ./Driver/DMA/DMA.o
 .debug_aranges
                0x000000e0       0xc0 ./Driver/SPI/SPI.o
 .debug_aranges
                0x000001a0       0x40 ./Src/main.o
 .debug_aranges
                0x000001e0       0x28 ./Src/system_stm32f4xx.o
 .debug_aranges
                0x00000208       0x28 ./Startup/startup_stm32f407vgtx.o
 .debug_aranges
                0x00000230       0x60 ./W5500_Driver/W5500_Low_Level/W5500_LL.o
 .debug_aranges
                0x00000290       0x98 ./W5500_Driver/W5500_Middleware/W5500_MWL.o

.debug_rnglists
                0x00000000      0x25f
 .debug_rnglists
                0x00000000       0xb7 ./Driver/DMA/DMA.o
 .debug_rnglists
                0x000000b7       0x8f ./Driver/SPI/SPI.o
 .debug_rnglists
                0x00000146       0x2c ./Src/main.o
 .debug_rnglists
                0x00000172       0x1a ./Src/system_stm32f4xx.o
 .debug_rnglists
                0x0000018c       0x19 ./Startup/startup_stm32f407vgtx.o
 .debug_rnglists
                0x000001a5       0x4b ./W5500_Driver/W5500_Low_Level/W5500_LL.o
 .debug_rnglists
                0x000001f0       0x6f ./W5500_Driver/W5500_Middleware/W5500_MWL.o

.debug_macro    0x00000000    0x1a232
 .debug_macro   0x00000000      0x268 ./Driver/DMA/DMA.o
 .debug_macro   0x00000268      0xaba ./Driver/DMA/DMA.o
 .debug_macro   0x00000d22       0x2f ./Driver/DMA/DMA.o
 .debug_macro   0x00000d51       0x22 ./Driver/DMA/DMA.o
 .debug_macro   0x00000d73       0x8e ./Driver/DMA/DMA.o
 .debug_macro   0x00000e01       0x51 ./Driver/DMA/DMA.o
 .debug_macro   0x00000e52      0x103 ./Driver/DMA/DMA.o
 .debug_macro   0x00000f55       0x6a ./Driver/DMA/DMA.o
 .debug_macro   0x00000fbf      0x1df ./Driver/DMA/DMA.o
 .debug_macro   0x0000119e       0x1c ./Driver/DMA/DMA.o
 .debug_macro   0x000011ba       0x22 ./Driver/DMA/DMA.o
 .debug_macro   0x000011dc       0xfb ./Driver/DMA/DMA.o
 .debug_macro   0x000012d7     0x1011 ./Driver/DMA/DMA.o
 .debug_macro   0x000022e8      0x11f ./Driver/DMA/DMA.o
 .debug_macro   0x00002407    0x15e97 ./Driver/DMA/DMA.o
 .debug_macro   0x0001829e       0x97 ./Driver/DMA/DMA.o
 .debug_macro   0x00018335       0x61 ./Driver/DMA/DMA.o
 .debug_macro   0x00018396       0x2a ./Driver/DMA/DMA.o
 .debug_macro   0x000183c0       0x43 ./Driver/DMA/DMA.o
 .debug_macro   0x00018403       0x34 ./Driver/DMA/DMA.o
 .debug_macro   0x00018437       0x16 ./Driver/DMA/DMA.o
 .debug_macro   0x0001844d       0x9e ./Driver/DMA/DMA.o
 .debug_macro   0x000184eb      0x369 ./Driver/DMA/DMA.o
 .debug_macro   0x00018854      0x10b ./Driver/DMA/DMA.o
 .debug_macro   0x0001895f       0x10 ./Driver/DMA/DMA.o
 .debug_macro   0x0001896f       0x16 ./Driver/DMA/DMA.o
 .debug_macro   0x00018985       0x43 ./Driver/DMA/DMA.o
 .debug_macro   0x000189c8       0x34 ./Driver/DMA/DMA.o
 .debug_macro   0x000189fc       0x10 ./Driver/DMA/DMA.o
 .debug_macro   0x00018a0c       0x58 ./Driver/DMA/DMA.o
 .debug_macro   0x00018a64       0x8e ./Driver/DMA/DMA.o
 .debug_macro   0x00018af2       0x1c ./Driver/DMA/DMA.o
 .debug_macro   0x00018b0e      0x177 ./Driver/DMA/DMA.o
 .debug_macro   0x00018c85       0x16 ./Driver/DMA/DMA.o
 .debug_macro   0x00018c9b       0x16 ./Driver/DMA/DMA.o
 .debug_macro   0x00018cb1      0x146 ./Driver/DMA/DMA.o
 .debug_macro   0x00018df7      0x19b ./Driver/DMA/DMA.o
 .debug_macro   0x00018f92       0x10 ./Driver/DMA/DMA.o
 .debug_macro   0x00018fa2       0x35 ./Driver/DMA/DMA.o
 .debug_macro   0x00018fd7      0x460 ./Driver/DMA/DMA.o
 .debug_macro   0x00019437       0x16 ./Driver/DMA/DMA.o
 .debug_macro   0x0001944d       0x20 ./Driver/DMA/DMA.o
 .debug_macro   0x0001946d       0x16 ./Driver/DMA/DMA.o
 .debug_macro   0x00019483       0x16 ./Driver/DMA/DMA.o
 .debug_macro   0x00019499       0x29 ./Driver/DMA/DMA.o
 .debug_macro   0x000194c2       0x4c ./Driver/DMA/DMA.o
 .debug_macro   0x0001950e       0x22 ./Driver/DMA/DMA.o
 .debug_macro   0x00019530       0x10 ./Driver/DMA/DMA.o
 .debug_macro   0x00019540      0x290 ./Driver/SPI/SPI.o
 .debug_macro   0x000197d0      0x2ca ./Src/main.o
 .debug_macro   0x00019a9a       0x3a ./Src/main.o
 .debug_macro   0x00019ad4       0x8e ./Src/main.o
 .debug_macro   0x00019b62       0xda ./Src/system_stm32f4xx.o
 .debug_macro   0x00019c3c       0x2e ./Src/system_stm32f4xx.o
 .debug_macro   0x00019c6a       0x6d ./Src/system_stm32f4xx.o
 .debug_macro   0x00019cd7      0x2a4 ./W5500_Driver/W5500_Low_Level/W5500_LL.o
 .debug_macro   0x00019f7b      0x2b7 ./W5500_Driver/W5500_Middleware/W5500_MWL.o

.debug_line     0x00000000     0x5c70
 .debug_line    0x00000000     0x15ae ./Driver/DMA/DMA.o
 .debug_line    0x000015ae     0x1fd3 ./Driver/SPI/SPI.o
 .debug_line    0x00003581      0xa4b ./Src/main.o
 .debug_line    0x00003fcc      0x539 ./Src/system_stm32f4xx.o
 .debug_line    0x00004505       0x7b ./Startup/startup_stm32f407vgtx.o
 .debug_line    0x00004580      0xab9 ./W5500_Driver/W5500_Low_Level/W5500_LL.o
 .debug_line    0x00005039      0xc37 ./W5500_Driver/W5500_Middleware/W5500_MWL.o

.debug_str      0x00000000    0x904cc
 .debug_str     0x00000000    0x8ebcf ./Driver/DMA/DMA.o
                              0x8eeb9 (size before relaxing)
 .debug_str     0x0008ebcf      0x7bf ./Driver/SPI/SPI.o
                              0x8e92d (size before relaxing)
 .debug_str     0x0008f38e      0xc85 ./Src/main.o
                              0x8f68a (size before relaxing)
 .debug_str     0x00090013       0x8f ./Src/system_stm32f4xx.o
                              0x8858e (size before relaxing)
 .debug_str     0x000900a2       0x3f ./Startup/startup_stm32f407vgtx.o
                                 0x70 (size before relaxing)
 .debug_str     0x000900e1      0x18f ./W5500_Driver/W5500_Low_Level/W5500_LL.o
                              0x8e9b8 (size before relaxing)
 .debug_str     0x00090270      0x25c ./W5500_Driver/W5500_Middleware/W5500_MWL.o
                              0x8f022 (size before relaxing)

.comment        0x00000000       0x43
 .comment       0x00000000       0x43 ./Driver/DMA/DMA.o
                                 0x44 (size before relaxing)
 .comment       0x00000043       0x44 ./Driver/SPI/SPI.o
 .comment       0x00000043       0x44 ./Src/main.o
 .comment       0x00000043       0x44 ./Src/system_stm32f4xx.o
 .comment       0x00000043       0x44 ./W5500_Driver/W5500_Low_Level/W5500_LL.o
 .comment       0x00000043       0x44 ./W5500_Driver/W5500_Middleware/W5500_MWL.o

.debug_frame    0x00000000      0xba0
 .debug_frame   0x00000000      0x378 ./Driver/DMA/DMA.o
 .debug_frame   0x00000378      0x31c ./Driver/SPI/SPI.o
 .debug_frame   0x00000694       0xbc ./Src/main.o
 .debug_frame   0x00000750       0x58 ./Src/system_stm32f4xx.o
 .debug_frame   0x000007a8      0x164 ./W5500_Driver/W5500_Low_Level/W5500_LL.o
 .debug_frame   0x0000090c      0x268 ./W5500_Driver/W5500_Middleware/W5500_MWL.o
 .debug_frame   0x00000b74       0x2c D:/ST/STM32CubeIDE_1.13.2/STM32CubeIDE/plugins/com.st.stm32cube.ide.mcu.externaltools.gnu-tools-for-stm32.12.3.rel1.win32_1.0.100.202403111256/tools/bin/../lib/gcc/arm-none-eabi/12.3.1/../../../../arm-none-eabi/lib/thumb/v7e-m+fp/hard\libc_nano.a(libc_a-init.o)

.debug_line_str
                0x00000000       0x54
 .debug_line_str
                0x00000000       0x54 ./Startup/startup_stm32f407vgtx.o
